Component: ARM Compiler 5.05 update 1 (build 106) Tool: armlink [4d0efa]

==============================================================================

Section Cross References

    app.o(i.app_evt) refers to led.o(i.led_blink) for led_blink
    app.o(i.app_evt) refers to app.o(i.app_check_sum) for app_check_sum
    app.o(i.app_evt) refers to memcmp.o(.text) for memcmp
    app.o(i.app_evt) refers to sys-tick.o(i.millis) for millis
    app.o(i.app_evt) refers to app.o(i.app_tx_pkt) for app_tx_pkt
    app.o(i.app_evt) refers to sx1276.o(i.sx1276_set_mode) for sx1276_set_mode
    app.o(i.app_evt) refers to sx1276.o(i.sx1276_receive) for sx1276_receive
    app.o(i.app_evt) refers to app.o(.data) for app_sta
    app.o(i.app_init) refers to sx1276.o(i.sx1276_init) for sx1276_init
    app.o(i.app_init) refers to sx1276.o(i.sx1276_set_config) for sx1276_set_config
    app.o(i.app_init) refers to sx1276.o(i.sx1276_set_mode) for sx1276_set_mode
    app.o(i.app_init) refers to sx1276.o(i.sx1276_receive) for sx1276_receive
    app.o(i.app_init) refers to sys-tick.o(i.millis) for millis
    app.o(i.app_init) refers to app.o(i.app_sx1276_event) for app_sx1276_event
    app.o(i.app_init) refers to app.o(.bss) for sx1276_config
    app.o(i.app_init) refers to app.o(.data) for master_slave_select
    app.o(i.app_sx1276_event) refers to app.o(.data) for tx_done_flag
    app.o(i.app_tx_pkt) refers to app.o(i.app_check_sum) for app_check_sum
    app.o(i.app_tx_pkt) refers to sx1276.o(i.sx1276_send) for sx1276_send
    app.o(i.app_tx_pkt) refers to app.o(.bss) for tx_buf
    app.o(i.app_tx_pkt) refers to app.o(.data) for tx_len
    main.o(i.main) refers to hal-sys-clk.o(i.hal_clk_init) for hal_clk_init
    main.o(i.main) refers to sys-tick.o(i.sys_tick_init) for sys_tick_init
    main.o(i.main) refers to i2c.o(i.I2cInit) for I2cInit
    main.o(i.main) refers to uart.o(i.uart_init) for uart_init
    main.o(i.main) refers to app.o(i.app_init) for app_init
    main.o(i.main) refers to led.o(i.led_init) for led_init
    main.o(i.main) refers to app.o(i.app_evt) for app_evt
    main.o(i.main) refers to led.o(i.led_evt) for led_evt
    main.o(i.main) refers to board.o(.bss) for I2c
    gpio.o(i.GpioInit) refers to gpio-board.o(i.GpioMcuInit) for GpioMcuInit
    gpio.o(i.GpioInit) refers to gpio-ioe.o(i.GpioIoeInit) for GpioIoeInit
    gpio.o(i.GpioRead) refers to gpio-board.o(i.GpioMcuRead) for GpioMcuRead
    gpio.o(i.GpioRead) refers to gpio-ioe.o(i.GpioIoeRead) for GpioIoeRead
    gpio.o(i.GpioSetInterrupt) refers to gpio-board.o(i.GpioMcuSetInterrupt) for GpioMcuSetInterrupt
    gpio.o(i.GpioSetInterrupt) refers to gpio-ioe.o(i.GpioIoeSetInterrupt) for GpioIoeSetInterrupt
    gpio.o(i.GpioWrite) refers to gpio-board.o(i.GpioMcuWrite) for GpioMcuWrite
    gpio.o(i.GpioWrite) refers to gpio-ioe.o(i.GpioIoeWrite) for GpioIoeWrite
    i2c.o(i.I2cDeInit) refers to i2c-board.o(i.I2cMcuDeInit) for I2cMcuDeInit
    i2c.o(i.I2cDeInit) refers to i2c.o(.data) for I2cInitialized
    i2c.o(i.I2cInit) refers to i2c-board.o(i.I2cMcuInit) for I2cMcuInit
    i2c.o(i.I2cInit) refers to i2c-board.o(i.I2cMcuFormat) for I2cMcuFormat
    i2c.o(i.I2cInit) refers to i2c.o(.data) for I2cInitialized
    i2c.o(i.I2cReadBuffer) refers to i2c-board.o(i.I2cMcuReadBuffer) for I2cMcuReadBuffer
    i2c.o(i.I2cReadBuffer) refers to i2c.o(.data) for I2cInitialized
    i2c.o(i.I2cResetBus) refers to i2c.o(i.I2cInit) for I2cInit
    i2c.o(i.I2cResetBus) refers to i2c.o(.data) for I2cInitialized
    i2c.o(i.I2cWrite) refers to i2c-board.o(i.I2cMcuWriteBuffer) for I2cMcuWriteBuffer
    i2c.o(i.I2cWrite) refers to i2c.o(.data) for I2cInitialized
    i2c.o(i.I2cWriteBuffer) refers to i2c-board.o(i.I2cMcuWriteBuffer) for I2cMcuWriteBuffer
    i2c.o(i.I2cWriteBuffer) refers to i2c.o(.data) for I2cInitialized
    spi.o(i.SpiDeInit) refers to stm32l1xx_spi.o(i.SPI_Cmd) for SPI_Cmd
    spi.o(i.SpiDeInit) refers to stm32l1xx_spi.o(i.SPI_I2S_DeInit) for SPI_I2S_DeInit
    spi.o(i.SpiDeInit) refers to gpio.o(i.GpioInit) for GpioInit
    spi.o(i.SpiFormat) refers to stm32l1xx_spi.o(i.SPI_Cmd) for SPI_Cmd
    spi.o(i.SpiFormat) refers to stm32l1xx_spi.o(i.SPI_Init) for SPI_Init
    spi.o(i.SpiFormat) refers to spi.o(.bss) for SPI_InitStructure
    spi.o(i.SpiFrequency) refers to stm32l1xx_spi.o(i.SPI_Cmd) for SPI_Cmd
    spi.o(i.SpiFrequency) refers to stm32l1xx_spi.o(i.SPI_Init) for SPI_Init
    spi.o(i.SpiFrequency) refers to system_stm32l1xx.o(.data) for SystemCoreClock
    spi.o(i.SpiFrequency) refers to spi.o(.bss) for SPI_InitStructure
    spi.o(i.SpiInOut) refers to stm32l1xx_spi.o(i.SPI_I2S_GetFlagStatus) for SPI_I2S_GetFlagStatus
    spi.o(i.SpiInOut) refers to stm32l1xx_spi.o(i.SPI_I2S_SendData) for SPI_I2S_SendData
    spi.o(i.SpiInOut) refers to stm32l1xx_spi.o(i.SPI_I2S_ReceiveData) for SPI_I2S_ReceiveData
    timer-sensornode.o(i.TimerExists) refers to timer-sensornode.o(.data) for TimerListHead
[...]
    ..\..\..\..\src\hal\SensorNode\system\timer-sensornode.c 0x00000000   Number         0  timer-sensornode.o ABSOLUTE
    ..\..\..\..\src\hal\mcu\stm32\STM32L1xx_StdPeriph_Driver\src\misc.c 0x00000000   Number         0  misc.o ABSOLUTE
    ..\..\..\..\src\hal\mcu\stm32\STM32L1xx_StdPeriph_Driver\src\stm32l1xx_adc.c 0x00000000   Number         0  stm32l1xx_adc.o ABSOLUTE
    ..\..\..\..\src\hal\mcu\stm32\STM32L1xx_StdPeriph_Driver\src\stm32l1xx_aes.c 0x00000000   Number         0  stm32l1xx_aes.o ABSOLUTE
    ..\..\..\..\src\hal\mcu\stm32\STM32L1xx_StdPeriph_Driver\src\stm32l1xx_aes_util.c 0x00000000   Number         0  stm32l1xx_aes_util.o ABSOLUTE
    ..\..\..\..\src\hal\mcu\stm32\STM32L1xx_StdPeriph_Driver\src\stm32l1xx_comp.c 0x00000000   Number         0  stm32l1xx_comp.o ABSOLUTE
    ..\..\..\..\src\hal\mcu\stm32\STM32L1xx_StdPeriph_Driver\src\stm32l1xx_crc.c 0x00000000   Number         0  stm32l1xx_crc.o ABSOLUTE
    ..\..\..\..\src\hal\mcu\stm32\STM32L1xx_StdPeriph_Driver\src\stm32l1xx_dac.c 0x00000000   Number         0  stm32l1xx_dac.o ABSOLUTE
    ..\..\..\..\src\hal\mcu\stm32\STM32L1xx_StdPeriph_Driver\src\stm32l1xx_dbgmcu.c 0x00000000   Number         0  stm32l1xx_dbgmcu.o ABSOLUTE
    ..\..\..\..\src\hal\mcu\stm32\STM32L1xx_StdPeriph_Driver\src\stm32l1xx_dma.c 0x00000000   Number         0  stm32l1xx_dma.o ABSOLUTE
    ..\..\..\..\src\hal\mcu\stm32\STM32L1xx_StdPeriph_Driver\src\stm32l1xx_exti.c 0x00000000   Number         0  stm32l1xx_exti.o ABSOLUTE
    ..\..\..\..\src\hal\mcu\stm32\STM32L1xx_StdPeriph_Driver\src\stm32l1xx_flash.c 0x00000000   Number         0  stm32l1xx_flash.o ABSOLUTE
    ..\..\..\..\src\hal\mcu\stm32\STM32L1xx_StdPeriph_Driver\src\stm32l1xx_flash_ramfunc.c 0x00000000   Number         0  stm32l1xx_flash_ramfunc.o ABSOLUTE
    ..\..\..\..\src\hal\mcu\stm32\STM32L1xx_StdPeriph_Driver\src\stm32l1xx_fsmc.c 0x00000000   Number         0  stm32l1xx_fsmc.o ABSOLUTE
    ..\..\..\..\src\hal\mcu\stm32\STM32L1xx_StdPeriph_Driver\src\stm32l1xx_gpio.c 0x00000000   Number         0  stm32l1xx_gpio.o ABSOLUTE
    ..\..\..\..\src\hal\mcu\stm32\STM32L1xx_StdPeriph_Driver\src\stm32l1xx_i2c.c 0x00000000   Number         0  stm32l1xx_i2c.o ABSOLUTE
    ..\..\..\..\src\hal\mcu\stm32\STM32L1xx_StdPeriph_Driver\src\stm32l1xx_iwdg.c 0x00000000   Number         0  stm32l1xx_iwdg.o ABSOLUTE
    ..\..\..\..\src\hal\mcu\stm32\STM32L1xx_StdPeriph_Driver\src\stm32l1xx_lcd.c 0x00000000   Number         0  stm32l1xx_lcd.o ABSOLUTE
    ..\..\..\..\src\hal\mcu\stm32\STM32L1xx_StdPeriph_Driver\src\stm32l1xx_opamp.c 0x00000000   Number         0  stm32l1xx_opamp.o ABSOLUTE
    ..\..\..\..\src\hal\mcu\stm32\STM32L1xx_StdPeriph_Driver\src\stm32l1xx_pwr.c 0x00000000   Number         0  stm32l1xx_pwr.o ABSOLUTE
    ..\..\..\..\src\hal\mcu\stm32\STM32L1xx_StdPeriph_Driver\src\stm32l1xx_rcc.c 0x00000000   Number         0  stm32l1xx_rcc.o ABSOLUTE
    ..\..\..\..\src\hal\mcu\stm32\STM32L1xx_StdPeriph_Driver\src\stm32l1xx_rtc.c 0x00000000   Number         0  stm32l1xx_rtc.o ABSOLUTE
    ..\..\..\..\src\hal\mcu\stm32\STM32L1xx_StdPeriph_Driver\src\stm32l1xx_sdio.c 0x00000000   Number         0  stm32l1xx_sdio.o ABSOLUTE
    ..\..\..\..\src\hal\mcu\stm32\STM32L1xx_StdPeriph_Driver\src\stm32l1xx_spi.c 0x00000000   Number         0  stm32l1xx_spi.o ABSOLUTE
    ..\..\..\..\src\hal\mcu\stm32\STM32L1xx_StdPeriph_Driver\src\stm32l1xx_syscfg.c 0x00000000   Number         0  stm32l1xx_syscfg.o ABSOLUTE
    ..\..\..\..\src\hal\mcu\stm32\STM32L1xx_StdPeriph_Driver\src\stm32l1xx_tim.c 0x00000000   Number         0  stm32l1xx_tim.o ABSOLUTE
    ..\..\..\..\src\hal\mcu\stm32\STM32L1xx_StdPeriph_Driver\src\stm32l1xx_usart.c 0x00000000   Number         0  stm32l1xx_usart.o ABSOLUTE
    ..\..\..\..\src\hal\mcu\stm32\STM32L1xx_StdPeriph_Driver\src\stm32l1xx_wwdg.c 0x00000000   Number         0  stm32l1xx_wwdg.o ABSOLUTE
    ..\..\..\..\src\hal\mcu\stm32\sysIrqHandlers.c 0x00000000   Number         0  sysirqhandlers.o ABSOLUTE
    ..\..\..\..\src\hal\mcu\stm32\utilities.c 0x00000000   Number         0  utilities.o ABSOLUTE
    ..\\..\\..\\..\\src\\drv\\led.c          0x00000000   Number         0  led.o ABSOLUTE
    ..\\..\\..\\..\\src\\drv\\printf.c       0x00000000   Number         0  printf.o ABSOLUTE
    ..\\..\\..\\..\\src\\drv\\radio\\sx1276.c 0x00000000   Number         0  sx1276.o ABSOLUTE
    ..\\..\\..\\..\\src\\drv\\sys-tick.c     0x00000000   Number         0  sys-tick.o ABSOLUTE
    ..\\..\\..\\..\\src\\drv\\uart.c         0x00000000   Number         0  uart.o ABSOLUTE
    ..\\..\\..\\..\\src\\examples\\SensorNode\\ping-pong\\app.c 0x00000000   Number         0  app.o ABSOLUTE
    ..\\..\\..\\..\\src\\examples\\SensorNode\\ping-pong\\main.c 0x00000000   Number         0  main.o ABSOLUTE
    ..\\..\\..\\..\\src\\hal\\SensorNode\\peripherals\\gpio-ioe.c 0x00000000   Number         0  gpio-ioe.o ABSOLUTE
    ..\\..\\..\\..\\src\\hal\\SensorNode\\peripherals\\sx1509.c 0x00000000   Number         0  sx1509.o ABSOLUTE
    ..\\..\\..\\..\\src\\hal\\SensorNode\\stm32_board\\board.c 0x00000000   Number         0  board.o ABSOLUTE
    ..\\..\\..\\..\\src\\hal\\SensorNode\\stm32_board\\cmsis\\system_stm32l1xx.c 0x00000000   Number         0  system_stm32l1xx.o ABSOLUTE
    ..\\..\\..\\..\\src\\hal\\SensorNode\\stm32_board\\gpio-board.c 0x00000000   Number         0  gpio-board.o ABSOLUTE
    ..\\..\\..\\..\\src\\hal\\SensorNode\\stm32_board\\hal-irq.c 0x00000000   Number         0  hal-irq.o ABSOLUTE
    ..\\..\\..\\..\\src\\hal\\SensorNode\\stm32_board\\hal-led.c 0x00000000   Number         0  hal-led.o ABSOLUTE
    ..\\..\\..\\..\\src\\hal\\SensorNode\\stm32_board\\hal-spi.c 0x00000000   Number         0  hal-spi.o ABSOLUTE
    ..\\..\\..\\..\\src\\hal\\SensorNode\\stm32_board\\hal-sx1276.c 0x00000000   Number         0  hal-sx1276.o ABSOLUTE
    ..\\..\\..\\..\\src\\hal\\SensorNode\\stm32_board\\hal-sys-clk.c 0x00000000   Number         0  hal-sys-clk.o ABSOLUTE
    ..\\..\\..\\..\\src\\hal\\SensorNode\\stm32_board\\hal-sys-tick.c 0x00000000   Number         0  hal-sys-tick.o ABSOLUTE
    ..\\..\\..\\..\\src\\hal\\SensorNode\\stm32_board\\hal-uart.c 0x00000000   Number         0  hal-uart.o ABSOLUTE
    ..\\..\\..\\..\\src\\hal\\SensorNode\\stm32_board\\i2c-board.c 0x00000000   Number         0  i2c-board.o ABSOLUTE
    ..\\..\\..\\..\\src\\hal\\SensorNode\\stm32_board\\timer-board.c 0x00000000   Number         0  timer-board.o ABSOLUTE
    ..\\..\\..\\..\\src\\hal\\SensorNode\\system\\gpio.c 0x00000000   Number         0  gpio.o ABSOLUTE
    ..\\..\\..\\..\\src\\hal\\SensorNode\\system\\i2c.c 0x00000000   Number         0  i2c.o ABSOLUTE
    ..\\..\\..\\..\\src\\hal\\SensorNode\\system\\spi.c 0x00000000   Number         0  spi.o ABSOLUTE
    ..\\..\\..\\..\\src\\hal\\SensorNode\\system\\timer-sensornode.c 0x00000000   Number         0  timer-sensornode.o ABSOLUTE
    ..\\..\\..\\..\\src\\hal\\mcu\\stm32\\STM32L1xx_StdPeriph_Driver\\src\\misc.c 0x00000000   Number         0  misc.o ABSOLUTE
    ..\\..\\..\\..\\src\\hal\\mcu\\stm32\\STM32L1xx_StdPeriph_Driver\\src\\stm32l1xx_adc.c 0x00000000   Number         0  stm32l1xx_adc.o ABSOLUTE
    ..\\..\\..\\..\\src\\hal\\mcu\\stm32\\STM32L1xx_StdPeriph_Driver\\src\\stm32l1xx_aes.c 0x00000000   Number         0  stm32l1xx_aes.o ABSOLUTE
    ..\\..\\..\\..\\src\\hal\\mcu\\stm32\\STM32L1xx_StdPeriph_Driver\\src\\stm32l1xx_aes_util.c 0x00000000   Number         0  stm32l1xx_aes_util.o ABSOLUTE
    ..\\..\\..\\..\\src\\hal\\mcu\\stm32\\STM32L1xx_StdPeriph_Driver\\src\\stm32l1xx_comp.c 0x00000000   Number         0  stm32l1xx_comp.o ABSOLUTE
    ..\\..\\..\\..\\src\\hal\\mcu\\stm32\\STM32L1xx_StdPeriph_Driver\\src\\stm32l1xx_crc.c 0x00000000   Number         0  stm32l1xx_crc.o ABSOLUTE
    ..\\..\\..\\..\\src\\hal\\mcu\\stm32\\STM32L1xx_StdPeriph_Driver\\src\\stm32l1xx_dac.c 0x00000000   Number         0  stm32l1xx_dac.o ABSOLUTE
    ..\\..\\..\\..\\src\\hal\\mcu\\stm32\\STM32L1xx_StdPeriph_Driver\\src\\stm32l1xx_dbgmcu.c 0x00000000   Number         0  stm32l1xx_dbgmcu.o ABSOLUTE
    ..\\..\\..\\..\\src\\hal\\mcu\\stm32\\STM32L1xx_StdPeriph_Driver\\src\\stm32l1xx_dma.c 0x00000000   Number         0  stm32l1xx_dma.o ABSOLUTE
    ..\\..\\..\\..\\src\\hal\\mcu\\stm32\\STM32L1xx_StdPeriph_Driver\\src\\stm32l1xx_exti.c 0x00000000   Number         0  stm32l1xx_exti.o ABSOLUTE
    ..\\..\\..\\..\\src\\hal\\mcu\\stm32\\STM32L1xx_StdPeriph_Driver\\src\\stm32l1xx_flash.c 0x00000000   Number         0  stm32l1xx_flash.o ABSOLUTE
    ..\\..\\..\\..\\src\\hal\\mcu\\stm32\\STM32L1xx_StdPeriph_Driver\\src\\stm32l1xx_flash_ramfunc.c 0x00000000   Number         0  stm32l1xx_flash_ramfunc.o ABSOLUTE
    ..\\..\\..\\..\\src\\hal\\mcu\\stm32\\STM32L1xx_StdPeriph_Driver\\src\\stm32l1xx_fsmc.c 0x00000000   Number         0  stm32l1xx_fsmc.o ABSOLUTE
    ..\\..\\..\\..\\src\\hal\\mcu\\stm32\\STM32L1xx_StdPeriph_Driver\\src\\stm32l1xx_gpio.c 0x00000000   Number         0  stm32l1xx_gpio.o ABSOLUTE
    ..\\..\\..\\..\\src\\hal\\mcu\\stm32\\STM32L1xx_StdPeriph_Driver\\src\\stm32l1xx_i2c.c 0x00000000   Number         0  stm32l1xx_i2c.o ABSOLUTE
    ..\\..\\..\\..\\src\\hal\\mcu\\stm32\\STM32L1xx_StdPeriph_Driver\\src\\stm32l1xx_iwdg.c 0x00000000   Number         0  stm32l1xx_iwdg.o ABSOLUTE
    ..\\..\\..\\..\\src\\hal\\mcu\\stm32\\STM32L1xx_StdPeriph_Driver\\src\\stm32l1xx_lcd.c 0x00000000   Number         0  stm32l1xx_lcd.o ABSOLUTE
    ..\\..\\..\\..\\src\\hal\\mcu\\stm32\\STM32L1xx_StdPeriph_Driver\\src\\stm32l1xx_opamp.c 0x00000000   Number         0  stm32l1xx_opamp.o ABSOLUTE
    ..\\..\\..\\..\\src\\hal\\mcu\\stm32\\STM32L1xx_StdPeriph_Driver\\src\\stm32l1xx_pwr.c 0x00000000   Number         0  stm32l1xx_pwr.o ABSOLUTE
    ..\\..\\..\\..\\src\\hal\\mcu\\stm32\\STM32L1xx_StdPeriph_Driver\\src\\stm32l1xx_rcc.c 0x00000000   Number         0  stm32l1xx_rcc.o ABSOLUTE
    ..\\..\\..\\..\\src\\hal\\mcu\\stm32\\STM32L1xx_StdPeriph_Driver\\src\\stm32l1xx_rtc.c 0x00000000   Number         0  stm32l1xx_rtc.o ABSOLUTE
    ..\\..\\..\\..\\src\\hal\\mcu\\stm32\\STM32L1xx_StdPeriph_Driver\\src\\stm32l1xx_sdio.c 0x00000000   Number         0  stm32l1xx_sdio.o ABSOLUTE
    ..\\..\\..\\..\\src\\hal\\mcu\\stm32\\STM32L1xx_StdPeriph_Driver\\src\\stm32l1xx_spi.c 0x00000000   Number         0  stm32l1xx_spi.o ABSOLUTE
    ..\\..\\..\\..\\src\\hal\\mcu\\stm32\\STM32L1xx_StdPeriph_Driver\\src\\stm32l1xx_syscfg.c 0x00000000   Number         0  stm32l1xx_syscfg.o ABSOLUTE
    ..\\..\\..\\..\\src\\hal\\mcu\\stm32\\STM32L1xx_StdPeriph_Driver\\src\\stm32l1xx_tim.c 0x00000000   Number         0  stm32l1xx_tim.o ABSOLUTE
    ..\\..\\..\\..\\src\\hal\\mcu\\stm32\\STM32L1xx_StdPeriph_Driver\\src\\stm32l1xx_usart.c 0x00000000   Number         0  stm32l1xx_usart.o ABSOLUTE
    ..\\..\\..\\..\\src\\hal\\mcu\\stm32\\STM32L1xx_StdPeriph_Driver\\src\\stm32l1xx_wwdg.c 0x00000000   Number         0  stm32l1xx_wwdg.o ABSOLUTE
    ..\\..\\..\\..\\src\\hal\\mcu\\stm32\\sysIrqHandlers.c 0x00000000   Number         0  sysirqhandlers.o ABSOLUTE
    ..\\..\\..\\..\\src\\hal\\mcu\\stm32\\utilities.c 0x00000000   Number         0  utilities.o ABSOLUTE
    cdrcmple.s                               0x00000000   Number         0  cdrcmple.o ABSOLUTE
    dc.s                                     0x00000000   Number         0  dc.o ABSOLUTE
    handlers.s                               0x00000000   Number         0  handlers.o ABSOLUTE
    init.s                                   0x00000000   Number         0  init.o ABSOLUTE
    RESET                                    0x08000000   Section      244  startup_stm32l1xx_md.o(RESET)
    .ARM.Collect$$$$00000000                 0x080000f4   Section        0  entry.o(.ARM.Collect$$$$00000000)
    .ARM.Collect$$$$00000001                 0x080000f4   Section        4  entry2.o(.ARM.Collect$$$$00000001)
    .ARM.Collect$$$$00000004                 0x080000f8   Section        4  entry5.o(.ARM.Collect$$$$00000004)
    .ARM.Collect$$$$00000008                 0x080000fc   Section        0  entry7b.o(.ARM.Collect$$$$00000008)
    .ARM.Collect$$$$0000000A                 0x080000fc   Section        0  entry8b.o(.ARM.Collect$$$$0000000A)
    .ARM.Collect$$$$0000000B                 0x080000fc   Section        8  entry9a.o(.ARM.Collect$$$$0000000B)
    .ARM.Collect$$$$0000000D                 0x08000104   Section        0  entry10a.o(.ARM.Collect$$$$0000000D)
    .ARM.Collect$$$$0000000F                 0x08000104   Section        0  entry11a.o(.ARM.Collect$$$$0000000F)
    .ARM.Collect$$$$00002712                 0x08000104   Section        4  entry2.o(.ARM.Collect$$$$00002712)
    __lit__00000000                          0x08000104   Data           4  entry2.o(.ARM.Collect$$$$00002712)
    .text                                    0x08000108   Section       36  startup_stm32l1xx_md.o(.text)
    .text                                    0x0800012c   Section        0  memcpya.o(.text)
    .text                                    0x08000150   Section        0  memcmp.o(.text)
    .text                                    0x0800016a   Section        0  ddiv.o(.text)
    .text                                    0x08000248   Section        0  dfltui.o(.text)
    .text                                    0x08000262   Section        0  dfixui.o(.text)
    .text                                    0x08000294   Section        0  llushr.o(.text)
    .text                                    0x080002b4   Section        0  depilogue.o(.text)
    .text                                    0x080002b4   Section        0  iusefp.o(.text)
    .text                                    0x08000370   Section       36  init.o(.text)
    .text                                    0x08000394   Section        0  llshl.o(.text)
    i.BusFault_Handler                       0x080003b2   Section        0  sysirqhandlers.o(i.BusFault_Handler)
    i.DebugMon_Handler                       0x080003b6   Section        0  sysirqhandlers.o(i.DebugMon_Handler)
    i.EXTI15_10_IRQHandler                   0x080003b8   Section        0  gpio-board.o(i.EXTI15_10_IRQHandler)
    i.EXTI3_IRQHandler                       0x08000474   Section        0  gpio-board.o(i.EXTI3_IRQHandler)
    i.EXTI4_IRQHandler                       0x08000498   Section        0  gpio-board.o(i.EXTI4_IRQHandler)
    i.EXTI9_5_IRQHandler                     0x080004bc   Section        0  gpio-board.o(i.EXTI9_5_IRQHandler)
    i.EXTI_ClearFlag                         0x08000550   Section        0  stm32l1xx_exti.o(i.EXTI_ClearFlag)
    i.EXTI_ClearITPendingBit                 0x0800055c   Section        0  stm32l1xx_exti.o(i.EXTI_ClearITPendingBit)
    i.EXTI_GetITStatus                       0x08000568   Section        0  stm32l1xx_exti.o(i.EXTI_GetITStatus)
    i.EXTI_Init                              0x08000580   Section        0  stm32l1xx_exti.o(i.EXTI_Init)
    i.GPIO_Init                              0x08000614   Section        0  stm32l1xx_gpio.o(i.GPIO_Init)
    i.GPIO_PinAFConfig                       0x080006a4   Section        0  stm32l1xx_gpio.o(i.GPIO_PinAFConfig)
    i.GPIO_ResetBits                         0x080006ea   Section        0  stm32l1xx_gpio.o(i.GPIO_ResetBits)
    i.GPIO_SetBits                           0x080006ee   Section        0  stm32l1xx_gpio.o(i.GPIO_SetBits)
    i.GpioInit                               0x080006f2   Section        0  gpio.o(i.GpioInit)
    i.GpioIoeInit                            0x08000730   Section        0  gpio-ioe.o(i.GpioIoeInit)
    i.GpioIoeSetInterrupt                    0x08000806   Section        0  gpio-ioe.o(i.GpioIoeSetInterrupt)
    i.GpioIoeWrite                           0x0800080c   Section        0  gpio-ioe.o(i.GpioIoeWrite)
    i.GpioMcuInit                            0x08000860   Section        0  gpio-board.o(i.GpioMcuInit)
    i.GpioMcuSetInterrupt                    0x080008fc   Section        0  gpio-board.o(i.GpioMcuSetInterrupt)
    i.GpioMcuWrite                           0x08000a34   Section        0  gpio-board.o(i.GpioMcuWrite)
    i.GpioSetInterrupt                       0x08000a66   Section        0  gpio.o(i.GpioSetInterrupt)
    i.GpioWrite                              0x08000aa2   Section        0  gpio.o(i.GpioWrite)
    i.I2C_AcknowledgeConfig                  0x08000ac8   Section        0  stm32l1xx_i2c.o(i.I2C_AcknowledgeConfig)
    i.I2C_CheckEvent                         0x08000ae0   Section        0  stm32l1xx_i2c.o(i.I2C_CheckEvent)
    i.I2C_Cmd                                0x08000b0a   Section        0  stm32l1xx_i2c.o(i.I2C_Cmd)
    i.I2C_DeInit                             0x08000b24   Section        0  stm32l1xx_i2c.o(i.I2C_DeInit)
    i.I2C_GenerateSTART                      0x08000b5c   Section        0  stm32l1xx_i2c.o(i.I2C_GenerateSTART)
    i.I2C_GenerateSTOP                       0x08000b74   Section        0  stm32l1xx_i2c.o(i.I2C_GenerateSTOP)
    i.I2C_GetFlagStatus                      0x08000b8c   Section        0  stm32l1xx_i2c.o(i.I2C_GetFlagStatus)
    i.I2C_Init                               0x08000bc8   Section        0  stm32l1xx_i2c.o(i.I2C_Init)
    i.I2C_ReceiveData                        0x08000cb0   Section        0  stm32l1xx_i2c.o(i.I2C_ReceiveData)
    i.I2C_Send7bitAddress                    0x08000cb8   Section        0  stm32l1xx_i2c.o(i.I2C_Send7bitAddress)
    i.I2C_SendData                           0x08000cc8   Section        0  stm32l1xx_i2c.o(i.I2C_SendData)
    i.I2cInit                                0x08000ccc   Section        0  i2c.o(i.I2cInit)
    i.I2cMcuFormat                           0x08000d08   Section        0  i2c-board.o(i.I2cMcuFormat)
    i.I2cMcuInit                             0x08000d98   Section        0  i2c-board.o(i.I2cMcuInit)
    i.I2cMcuReadBuffer                       0x08000dfc   Section        0  i2c-board.o(i.I2cMcuReadBuffer)
    i.I2cMcuWriteBuffer                      0x08001090   Section        0  i2c-board.o(i.I2cMcuWriteBuffer)
    i.I2cReadBuffer                          0x0800121c   Section        0  i2c.o(i.I2cReadBuffer)
    i.I2cResetBus                            0x08001250   Section        0  i2c.o(i.I2cResetBus)
    i.I2cWriteBuffer                         0x0800126c   Section        0  i2c.o(i.I2cWriteBuffer)
    i.MemManage_Handler                      0x080012b8   Section        0  sysirqhandlers.o(i.MemManage_Handler)
    i.NMI_Handler                            0x080012bc   Section        0  sysirqhandlers.o(i.NMI_Handler)
    i.NVIC_Init                              0x080012c0   Section        0  misc.o(i.NVIC_Init)
    i.NVIC_PriorityGroupConfig               0x08001338   Section        0  misc.o(i.NVIC_PriorityGroupConfig)
    i.NVIC_SetVectorTable                    0x0800134c   Section        0  misc.o(i.NVIC_SetVectorTable)
    i.RCC_AHBPeriphClockCmd                  0x08001360   Section        0  stm32l1xx_rcc.o(i.RCC_AHBPeriphClockCmd)
    i.RCC_APB1PeriphClockCmd                 0x08001380   Section        0  stm32l1xx_rcc.o(i.RCC_APB1PeriphClockCmd)
    i.RCC_APB1PeriphResetCmd                 0x080013a0   Section        0  stm32l1xx_rcc.o(i.RCC_APB1PeriphResetCmd)
    i.RCC_APB2PeriphClockCmd                 0x080013c0   Section        0  stm32l1xx_rcc.o(i.RCC_APB2PeriphClockCmd)
    i.RCC_APB2PeriphResetCmd                 0x080013e0   Section        0  stm32l1xx_rcc.o(i.RCC_APB2PeriphResetCmd)
    i.RCC_GetClocksFreq                      0x08001400   Section        0  stm32l1xx_rcc.o(i.RCC_GetClocksFreq)
    i.RCC_HCLKConfig                         0x08001500   Section        0  stm32l1xx_rcc.o(i.RCC_HCLKConfig)
    i.SPI_Cmd                                0x08001518   Section        0  stm32l1xx_spi.o(i.SPI_Cmd)
    i.SPI_Init                               0x08001530   Section        0  stm32l1xx_spi.o(i.SPI_Init)
    i.SX1276IoIrqInit                        0x0800156c   Section        0  hal-sx1276.o(i.SX1276IoIrqInit)
    i.SX1509Init                             0x080015d8   Section        0  sx1509.o(i.SX1509Init)
    i.SX1509Read                             0x080015f8   Section        0  sx1509.o(i.SX1509Read)
    i.SX1509ReadBuffer                       0x0800160c   Section        0  sx1509.o(i.SX1509ReadBuffer)
    i.SX1509Reset                            0x08001634   Section        0  sx1509.o(i.SX1509Reset)
    i.SX1509SetDeviceAddr                    0x08001654   Section        0  sx1509.o(i.SX1509SetDeviceAddr)
    i.SX1509Write                            0x08001660   Section        0  sx1509.o(i.SX1509Write)
    i.SX1509WriteBuffer                      0x08001670   Section        0  sx1509.o(i.SX1509WriteBuffer)
    i.SYSCFG_EXTILineConfig                  0x08001698   Section        0  stm32l1xx_syscfg.o(i.SYSCFG_EXTILineConfig)
    i.SetSysClock                            0x080016d8   Section        0  system_stm32l1xx.o(i.SetSysClock)
    SetSysClock                              0x080016d9   Thumb Code   258  system_stm32l1xx.o(i.SetSysClock)
    i.SpiFormat                              0x080017e8   Section        0  spi.o(i.SpiFormat)
    i.SpiFrequency                           0x08001888   Section        0  spi.o(i.SpiFrequency)
    i.SystemInit                             0x08001900   Section        0  system_stm32l1xx.o(i.SystemInit)
    i.TIM2_IRQHandler                        0x08001968   Section        0  timer-board.o(i.TIM2_IRQHandler)
    i.TIM3_IRQHandler                        0x080019a4   Section        0  timer-board.o(i.TIM3_IRQHandler)
    i.TIM_ClearITPendingBit                  0x080019c4   Section        0  stm32l1xx_tim.o(i.TIM_ClearITPendingBit)
    i.TIM_Cmd                                0x080019ca   Section        0  stm32l1xx_tim.o(i.TIM_Cmd)
    i.TIM_GetITStatus                        0x080019e2   Section        0  stm32l1xx_tim.o(i.TIM_GetITStatus)
    i.TIM_ITConfig                           0x08001a04   Section        0  stm32l1xx_tim.o(i.TIM_ITConfig)
    i.TIM_TimeBaseInit                       0x08001a18   Section        0  stm32l1xx_tim.o(i.TIM_TimeBaseInit)
    i.TimerGetValue                          0x08001a78   Section        0  timer-sensornode.o(i.TimerGetValue)
    i.TimerHwDelayMs                         0x08001a80   Section        0  timer-board.o(i.TimerHwDelayMs)
    i.TimerHwGetDelayValue                   0x08001aa0   Section        0  timer-board.o(i.TimerHwGetDelayValue)
    i.TimerHwGetElapsedTime                  0x08001ab0   Section        0  timer-board.o(i.TimerHwGetElapsedTime)
    i.TimerHwGetTimerValue                   0x08001ae0   Section        0  timer-board.o(i.TimerHwGetTimerValue)
    i.TimerHwInit                            0x08001af8   Section        0  timer-board.o(i.TimerHwInit)
    i.TimerHwStart                           0x08001bc4   Section        0  timer-board.o(i.TimerHwStart)
    i.TimerIncrementDelayCounter             0x08001c0c   Section        0  timer-board.o(i.TimerIncrementDelayCounter)
    i.TimerIncrementTickCounter              0x08001c20   Section        0  timer-board.o(i.TimerIncrementTickCounter)
    i.TimerIrqHandler                        0x08001c3c   Section        0  timer-sensornode.o(i.TimerIrqHandler)
    i.TimerSetTimeout                        0x08001ce0   Section        0  timer-sensornode.o(i.TimerSetTimeout)
    TimerSetTimeout                          0x08001ce1   Thumb Code    18  timer-sensornode.o(i.TimerSetTimeout)
    i.USART1_IRQHandler                      0x08001cf8   Section        0  hal-uart.o(i.USART1_IRQHandler)
    i.USART_Cmd                              0x08001d60   Section        0  stm32l1xx_usart.o(i.USART_Cmd)
    i.USART_DeInit                           0x08001d78   Section        0  stm32l1xx_usart.o(i.USART_DeInit)
    i.USART_GetITStatus                      0x08001e14   Section        0  stm32l1xx_usart.o(i.USART_GetITStatus)
    i.USART_ITConfig                         0x08001e68   Section        0  stm32l1xx_usart.o(i.USART_ITConfig)
    i.USART_Init                             0x08001eb4   Section        0  stm32l1xx_usart.o(i.USART_Init)
    i.USART_ReceiveData                      0x08001f80   Section        0  stm32l1xx_usart.o(i.USART_ReceiveData)
    i.UsageFault_Handler                     0x08001f8a   Section        0  sysirqhandlers.o(i.UsageFault_Handler)
    i.__scatterload_copy                     0x08001f8e   Section       14  handlers.o(i.__scatterload_copy)
    i.__scatterload_null                     0x08001f9c   Section        2  handlers.o(i.__scatterload_null)
    i.__scatterload_zeroinit                 0x08001f9e   Section       14  handlers.o(i.__scatterload_zeroinit)
    i.app_check_sum                          0x08001fac   Section        0  app.o(i.app_check_sum)
    i.app_evt                                0x08001fcc   Section        0  app.o(i.app_evt)
    i.app_init                               0x08002564   Section        0  app.o(i.app_init)
    i.app_sx1276_event                       0x08002600   Section        0  app.o(i.app_sx1276_event)
    i.app_tx_pkt                             0x08002654   Section        0  app.o(i.app_tx_pkt)
    i.delay_ms                               0x080026c4   Section        0  sys-tick.o(i.delay_ms)
    i.hal_clk_init                           0x080026d0   Section        0  hal-sys-clk.o(i.hal_clk_init)
    i.hal_led_init                           0x08002710   Section        0  hal-led.o(i.hal_led_init)
    i.hal_led_off                            0x08002770   Section        0  hal-led.o(i.hal_led_off)
    i.hal_led_on                             0x080027b0   Section        0  hal-led.o(i.hal_led_on)
    i.hal_spi_init                           0x080027f0   Section        0  hal-spi.o(i.hal_spi_init)
    i.hal_spi_wr                             0x08002900   Section        0  hal-spi.o(i.hal_spi_wr)
    i.hal_sx1276_get_tx_port                 0x08002930   Section        0  hal-sx1276.o(i.hal_sx1276_get_tx_port)
    i.hal_sx1276_init                        0x08002944   Section        0  hal-sx1276.o(i.hal_sx1276_init)
    i.hal_sx1276_set_rf_switch_mode          0x08002a3c   Section        0  hal-sx1276.o(i.hal_sx1276_set_rf_switch_mode)
    i.hal_sys_tick_init                      0x08002b14   Section        0  hal-sys-tick.o(i.hal_sys_tick_init)
    i.hal_uart_init                          0x08002b30   Section        0  hal-uart.o(i.hal_uart_init)
    i.hal_uart_write_tx_reg                  0x08002c1c   Section        0  hal-uart.o(i.hal_uart_write_tx_reg)
    i.irq_disable                            0x08002c28   Section        0  hal-irq.o(i.irq_disable)
    i.irq_restore                            0x08002c34   Section        0  hal-irq.o(i.irq_restore)
    i.led_blink                              0x08002c40   Section        0  led.o(i.led_blink)
    i.led_evt                                0x08002c78   Section        0  led.o(i.led_evt)
    i.led_init                               0x08002cc8   Section        0  led.o(i.led_init)
    i.led_off                                0x08002ce4   Section        0  led.o(i.led_off)
    i.led_on                                 0x08002cf0   Section        0  led.o(i.led_on)
    i.main                                   0x08002cfc   Section        0  main.o(i.main)
    i.millis                                 0x08002d4c   Section        0  sys-tick.o(i.millis)
    i.sx1276_init                            0x08002d64   Section        0  sx1276.o(i.sx1276_init)
    i.sx1276_irq_dio0                        0x08002db4   Section        0  sx1276.o(i.sx1276_irq_dio0)
    i.sx1276_irq_dio1                        0x08002f30   Section        0  sx1276.o(i.sx1276_irq_dio1)
    i.sx1276_irq_dio2                        0x08002f8c   Section        0  sx1276.o(i.sx1276_irq_dio2)
    i.sx1276_irq_dio3                        0x08002f8e   Section        0  sx1276.o(i.sx1276_irq_dio3)
    i.sx1276_irq_dio4                        0x08002f90   Section        0  sx1276.o(i.sx1276_irq_dio4)
    i.sx1276_read                            0x08002f94   Section        0  sx1276.o(i.sx1276_read)
    i.sx1276_read_burst                      0x08002fcc   Section        0  sx1276.o(i.sx1276_read_burst)
    i.sx1276_read_fifo                       0x08003014   Section        0  sx1276.o(i.sx1276_read_fifo)
    i.sx1276_read_pkt_snr_rssi               0x08003028   Section        0  sx1276.o(i.sx1276_read_pkt_snr_rssi)
    i.sx1276_receive                         0x08003094   Section        0  sx1276.o(i.sx1276_receive)
    i.sx1276_reset                           0x08003128   Section        0  sx1276.o(i.sx1276_reset)
    i.sx1276_rmw                             0x0800316c   Section        0  sx1276.o(i.sx1276_rmw)
    i.sx1276_send                            0x080031d4   Section        0  sx1276.o(i.sx1276_send)
    i.sx1276_set_bandwidth                   0x08003230   Section        0  sx1276.o(i.sx1276_set_bandwidth)
    i.sx1276_set_channel                     0x08003254   Section        0  sx1276.o(i.sx1276_set_channel)
    i.sx1276_set_coding_rate                 0x080032a0   Section        0  sx1276.o(i.sx1276_set_coding_rate)
    i.sx1276_set_config                      0x080032bc   Section        0  sx1276.o(i.sx1276_set_config)
    i.sx1276_set_crc_mode                    0x08003330   Section        0  sx1276.o(i.sx1276_set_crc_mode)
    i.sx1276_set_header_mode                 0x0800334e   Section        0  sx1276.o(i.sx1276_set_header_mode)
    i.sx1276_set_low_datarate_optimization   0x0800336c   Section        0  sx1276.o(i.sx1276_set_low_datarate_optimization)
    sx1276_set_low_datarate_optimization     0x0800336d   Thumb Code   102  sx1276.o(i.sx1276_set_low_datarate_optimization)
    i.sx1276_set_mode                        0x080033d2   Section        0  sx1276.o(i.sx1276_set_mode)
    i.sx1276_set_modem                       0x0800345e   Section        0  sx1276.o(i.sx1276_set_modem)
    i.sx1276_set_preamble                    0x0800348c   Section        0  sx1276.o(i.sx1276_set_preamble)
    i.sx1276_set_preamble_reg                0x080034a4   Section        0  sx1276.o(i.sx1276_set_preamble_reg)
    i.sx1276_set_sf                          0x080034c4   Section        0  sx1276.o(i.sx1276_set_sf)
    i.sx1276_set_symbol_timeout              0x08003514   Section        0  sx1276.o(i.sx1276_set_symbol_timeout)
    i.sx1276_set_tx_power                    0x08003538   Section        0  sx1276.o(i.sx1276_set_tx_power)
    i.sx1276_timeout_to_symbol               0x080035c4   Section        0  sx1276.o(i.sx1276_timeout_to_symbol)
    i.sx1276_write                           0x080035fc   Section        0  sx1276.o(i.sx1276_write)
    i.sx1276_write_burst                     0x08003634   Section        0  sx1276.o(i.sx1276_write_burst)
    i.sx1276_write_fifo                      0x0800367c   Section        0  sx1276.o(i.sx1276_write_fifo)
    i.sys_tick_handler                       0x08003690   Section        0  sys-tick.o(i.sys_tick_handler)
    sys_tick_handler                         0x08003691   Thumb Code    66  sys-tick.o(i.sys_tick_handler)
    i.sys_tick_init                          0x080036e0   Section        0  sys-tick.o(i.sys_tick_init)
    i.uart_init                              0x080036f8   Section        0  uart.o(i.uart_init)
    i.uart_rx_handler                        0x08003744   Section        0  uart.o(i.uart_rx_handler)
    i.uart_tx_handler                        0x08003788   Section        0  uart.o(i.uart_tx_handler)
    .constdata                               0x080037d4   Section      280  sx1276.o(.constdata)
    sx1276_symbol_length_tab                 0x080037d4   Data         280  sx1276.o(.constdata)
    .data                                    0x20000000   Section       47  app.o(.data)
    .data                                    0x2000002f   Section        1  i2c.o(.data)
    I2cInitialized                           0x2000002f   Data           1  i2c.o(.data)
    .data                                    0x20000030   Section        8  timer-sensornode.o(.data)
    LowPowerModeEnable                       0x20000030   Data           1  timer-sensornode.o(.data)
    TimerListHead                            0x20000034   Data           4  timer-sensornode.o(.data)
    .data                                    0x20000038   Section        2  sx1509.o(.data)
    I2cDeviceAddr                            0x20000038   Data           1  sx1509.o(.data)
    SX1509Initialized                        0x20000039   Data           1  sx1509.o(.data)
    .data                                    0x2000003c   Section       29  system_stm32l1xx.o(.data)
    .data                                    0x2000005c   Section       25  hal-sx1276.o(.data)
    init_flag                                0x20000074   Data           1  hal-sx1276.o(.data)
    .data                                    0x20000078   Section        4  hal-sys-tick.o(.data)
    sys_tick_handler                         0x20000078   Data           4  hal-sys-tick.o(.data)
    .data                                    0x2000007c   Section        8  hal-uart.o(.data)
    tx_call_back                             0x2000007c   Data           4  hal-uart.o(.data)
    rx_call_back                             0x20000080   Data           4  hal-uart.o(.data)
    .data                                    0x20000084   Section        1  i2c-board.o(.data)
    .data                                    0x20000088   Section       28  timer-board.o(.data)
    TimerTickCounterContext                  0x20000090   Data           8  timer-board.o(.data)
    .data                                    0x200000a4   Section       25  stm32l1xx_rcc.o(.data)
    PLLMulTable                              0x200000a4   Data           9  stm32l1xx_rcc.o(.data)
    APBAHBPrescTable                         0x200000ad   Data          16  stm32l1xx_rcc.o(.data)
    .data                                    0x200000bd   Section        3  led.o(.data)
    .data                                    0x200000c0   Section        8  sys-tick.o(.data)
    sys_tick_ctl                             0x200000c0   Data           2  sys-tick.o(.data)
    sys_tick_use_sta                         0x200000c2   Data           2  sys-tick.o(.data)
    delay_counter                            0x200000c4   Data           4  sys-tick.o(.data)
    .data                                    0x200000c8   Section        6  uart.o(.data)
    uart_rx_rd_index                         0x200000c8   Data           1  uart.o(.data)
    uart_rx_cnt                              0x200000c9   Data           1  uart.o(.data)
    uart_rx_wr_index                         0x200000ca   Data           1  uart.o(.data)
    uart_tx_rd_index                         0x200000cb   Data           1  uart.o(.data)
    uart_tx_cnt                              0x200000cc   Data           1  uart.o(.data)
    uart_tx_wr_index                         0x200000cd   Data           1  uart.o(.data)
    .data                                    0x200000d0   Section        8  sx1276.o(.data)
    sx1276_tx_preamble_len_g                 0x200000d0   Data           2  sx1276.o(.data)
    sx1276_rx_preamble_len_g                 0x200000d2   Data           2  sx1276.o(.data)
    sx1276_callback_g                        0x200000d4   Data           4  sx1276.o(.data)
    .bss                                     0x200000d8   Section      272  app.o(.bss)
    .bss                                     0x200001e8   Section       18  spi.o(.bss)
    .bss                                     0x200001fc   Section      304  board.o(.bss)
    .bss                                     0x2000032c   Section       64  gpio-board.o(.bss)
    GpioIrq                                  0x2000032c   Data          64  gpio-board.o(.bss)
    .bss                                     0x2000036c   Section      224  hal-sx1276.o(.bss)
    .bss                                     0x2000044c   Section       24  hal-uart.o(.bss)
    .bss                                     0x20000464   Section       24  led.o(.bss)
    .bss                                     0x2000047c   Section       32  sys-tick.o(.bss)
    sys_tick                                 0x2000047c   Data          32  sys-tick.o(.bss)
    .bss                                     0x2000049c   Section      440  uart.o(.bss)
    uart_rx_buf                              0x2000049c   Data         220  uart.o(.bss)
    uart_tx_buf                              0x20000578   Data         220  uart.o(.bss)
    .bss                                     0x20000654   Section      284  sx1276.o(.bss)
    sx1276_rf_g                              0x20000654   Data          12  sx1276.o(.bss)
    sx1276_rx_buf                            0x20000660   Data         256  sx1276.o(.bss)
    sx1276_rx_pkt_g                          0x20000760   Data          16  sx1276.o(.bss)
    STACK                                    0x20000770   Section     1024  startup_stm32l1xx_md.o(STACK)

    Global Symbols

    Symbol Name                              Value     Ov Type        Size  Object(Section)

    BuildAttributes$$THM_ISAv4$P$D$K$B$S$PE$A:L22UL41UL21$X:L11$S22US41US21$IEEE1$IW$USESV6$~STKCKD$USESV7$~SHL$OTIME$ROPI$IEEEJ$EBA8$MICROLIB$REQ8$PRES8$EABIv2 0x00000000   Number         0  anon$$obj.o ABSOLUTE
    __ARM_use_no_argv                        0x00000000   Number         0  main.o ABSOLUTE
    __cpp_initialize__aeabi_                  - Undefined Weak Reference
    __cxa_finalize                            - Undefined Weak Reference
    __decompress                              - Undefined Weak Reference
    _clock_init                               - Undefined Weak Reference
    _microlib_exit                            - Undefined Weak Reference
    __Vectors_Size                           0x000000f4   Number         0  startup_stm32l1xx_md.o ABSOLUTE
    __Vectors                                0x08000000   Data           4  startup_stm32l1xx_md.o(RESET)
    __Vectors_End                            0x080000f4   Data           0  startup_stm32l1xx_md.o(RESET)
    __main                                   0x080000f5   Thumb Code     0  entry.o(.ARM.Collect$$$$00000000)
    _main_stk                                0x080000f5   Thumb Code     0  entry2.o(.ARM.Collect$$$$00000001)
    _main_scatterload                        0x080000f9   Thumb Code     0  entry5.o(.ARM.Collect$$$$00000004)
    __main_after_scatterload                 0x080000fd   Thumb Code     0  entry5.o(.ARM.Collect$$$$00000004)
    _main_clock                              0x080000fd   Thumb Code     0  entry7b.o(.ARM.Collect$$$$00000008)
    _main_cpp_init                           0x080000fd   Thumb Code     0  entry8b.o(.ARM.Collect$$$$0000000A)
    _main_init                               0x080000fd   Thumb Code     0  entry9a.o(.ARM.Collect$$$$0000000B)
    __rt_final_cpp                           0x08000105   Thumb Code     0  entry10a.o(.ARM.Collect$$$$0000000D)
    __rt_final_exit                          0x08000105   Thumb Code     0  entry11a.o(.ARM.Collect$$$$0000000F)
    Reset_Handler                            0x08000109   Thumb Code     8  startup_stm32l1xx_md.o(.text)
    HardFault_Handler                        0x08000113   Thumb Code     2  startup_stm32l1xx_md.o(.text)
    SVC_Handler                              0x0800011b   Thumb Code     2  startup_stm32l1xx_md.o(.text)
    PendSV_Handler                           0x0800011f   Thumb Code     2  startup_stm32l1xx_md.o(.text)
    SysTick_Handler                          0x08000121   Thumb Code     2  startup_stm32l1xx_md.o(.text)
    ADC1_IRQHandler                          0x08000123   Thumb Code     0  startup_stm32l1xx_md.o(.text)
    COMP_IRQHandler                          0x08000123   Thumb Code     0  startup_stm32l1xx_md.o(.text)
    DAC_IRQHandler                           0x08000123   Thumb Code     0  startup_stm32l1xx_md.o(.text)
    DMA1_Channel1_IRQHandler                 0x08000123   Thumb Code     0  startup_stm32l1xx_md.o(.text)
    DMA1_Channel2_IRQHandler                 0x08000123   Thumb Code     0  startup_stm32l1xx_md.o(.text)
    DMA1_Channel3_IRQHandler                 0x08000123   Thumb Code     0  startup_stm32l1xx_md.o(.text)
    DMA1_Channel4_IRQHandler                 0x08000123   Thumb Code     0  startup_stm32l1xx_md.o(.text)
    DMA1_Channel5_IRQHandler                 0x08000123   Thumb Code     0  startup_stm32l1xx_md.o(.text)
    DMA1_Channel6_IRQHandler                 0x08000123   Thumb Code     0  startup_stm32l1xx_md.o(.text)
    DMA1_Channel7_IRQHandler                 0x08000123   Thumb Code     0  startup_stm32l1xx_md.o(.text)
    EXTI0_IRQHandler                         0x08000123   Thumb Code     0  startup_stm32l1xx_md.o(.text)
    EXTI1_IRQHandler                         0x08000123   Thumb Code     0  startup_stm32l1xx_md.o(.text)
    EXTI2_IRQHandler                         0x08000123   Thumb Code     0  startup_stm32l1xx_md.o(.text)
    FLASH_IRQHandler                         0x08000123   Thumb Code     0  startup_stm32l1xx_md.o(.text)
    I2C1_ER_IRQHandler                       0x08000123   Thumb Code     0  startup_stm32l1xx_md.o(.text)
    I2C1_EV_IRQHandler                       0x08000123   Thumb Code     0  startup_stm32l1xx_md.o(.text)
    I2C2_ER_IRQHandler                       0x08000123   Thumb Code     0  startup_stm32l1xx_md.o(.text)
    I2C2_EV_IRQHandler                       0x08000123   Thumb Code     0  startup_stm32l1xx_md.o(.text)
    LCD_IRQHandler                           0x08000123   Thumb Code     0  startup_stm32l1xx_md.o(.text)
    PVD_IRQHandler                           0x08000123   Thumb Code     0  startup_stm32l1xx_md.o(.text)
    RCC_IRQHandler                           0x08000123   Thumb Code     0  startup_stm32l1xx_md.o(.text)
    RTC_Alarm_IRQHandler                     0x08000123   Thumb Code     0  startup_stm32l1xx_md.o(.text)
    RTC_WKUP_IRQHandler                      0x08000123   Thumb Code     0  startup_stm32l1xx_md.o(.text)
    SPI1_IRQHandler                          0x08000123   Thumb Code     0  startup_stm32l1xx_md.o(.text)
    SPI2_IRQHandler                          0x08000123   Thumb Code     0  startup_stm32l1xx_md.o(.text)
    TAMPER_STAMP_IRQHandler                  0x08000123   Thumb Code     0  startup_stm32l1xx_md.o(.text)
    TIM10_IRQHandler                         0x08000123   Thumb Code     0  startup_stm32l1xx_md.o(.text)
    TIM11_IRQHandler                         0x08000123   Thumb Code     0  startup_stm32l1xx_md.o(.text)
    TIM4_IRQHandler                          0x08000123   Thumb Code     0  startup_stm32l1xx_md.o(.text)
    TIM6_IRQHandler                          0x08000123   Thumb Code     0  startup_stm32l1xx_md.o(.text)
    TIM7_IRQHandler                          0x08000123   Thumb Code     0  startup_stm32l1xx_md.o(.text)
    TIM9_IRQHandler                          0x08000123   Thumb Code     0  startup_stm32l1xx_md.o(.text)
    USART2_IRQHandler                        0x08000123   Thumb Code     0  startup_stm32l1xx_md.o(.text)
    USART3_IRQHandler                        0x08000123   Thumb Code     0  startup_stm32l1xx_md.o(.text)
    USB_FS_WKUP_IRQHandler                   0x08000123   Thumb Code     0  startup_stm32l1xx_md.o(.text)
    USB_HP_IRQHandler                        0x08000123   Thumb Code     0  startup_stm32l1xx_md.o(.text)
    USB_LP_IRQHandler                        0x08000123   Thumb Code     0  startup_stm32l1xx_md.o(.text)
    WWDG_IRQHandler                          0x08000123   Thumb Code     0  startup_stm32l1xx_md.o(.text)
    __aeabi_memcpy                           0x0800012d   Thumb Code    36  memcpya.o(.text)
    __aeabi_memcpy4                          0x0800012d   Thumb Code     0  memcpya.o(.text)
    __aeabi_memcpy8                          0x0800012d   Thumb Code     0  memcpya.o(.text)
    memcmp                                   0x08000151   Thumb Code    26  memcmp.o(.text)
    __aeabi_ddiv                             0x0800016b   Thumb Code   222  ddiv.o(.text)
    __aeabi_ui2d                             0x08000249   Thumb Code    26  dfltui.o(.text)
    __aeabi_d2uiz                            0x08000263   Thumb Code    50  dfixui.o(.text)
    __aeabi_llsr                             0x08000295   Thumb Code    32  llushr.o(.text)
    _ll_ushift_r                             0x08000295   Thumb Code     0  llushr.o(.text)
    __I$use$fp                               0x080002b5   Thumb Code     0  iusefp.o(.text)
    _double_round                            0x080002b5   Thumb Code    30  depilogue.o(.text)
    _double_epilogue                         0x080002d3   Thumb Code   156  depilogue.o(.text)
    __scatterload                            0x08000371   Thumb Code    28  init.o(.text)
    __scatterload_rt2                        0x08000371   Thumb Code     0  init.o(.text)
    __aeabi_llsl                             0x08000395   Thumb Code    30  llshl.o(.text)
    _ll_shift_l                              0x08000395   Thumb Code     0  llshl.o(.text)
    BusFault_Handler                         0x080003b3   Thumb Code     4  sysirqhandlers.o(i.BusFault_Handler)
    DebugMon_Handler                         0x080003b7   Thumb Code     2  sysirqhandlers.o(i.DebugMon_Handler)
    EXTI15_10_IRQHandler                     0x080003b9   Thumb Code   184  gpio-board.o(i.EXTI15_10_IRQHandler)
    EXTI3_IRQHandler                         0x08000475   Thumb Code    30  gpio-board.o(i.EXTI3_IRQHandler)
    EXTI4_IRQHandler                         0x08000499   Thumb Code    30  gpio-board.o(i.EXTI4_IRQHandler)
    EXTI9_5_IRQHandler                       0x080004bd   Thumb Code   142  gpio-board.o(i.EXTI9_5_IRQHandler)
    EXTI_ClearFlag                           0x08000551   Thumb Code     6  stm32l1xx_exti.o(i.EXTI_ClearFlag)
    EXTI_ClearITPendingBit                   0x0800055d   Thumb Code     6  stm32l1xx_exti.o(i.EXTI_ClearITPendingBit)
    EXTI_GetITStatus                         0x08000569   Thumb Code    20  stm32l1xx_exti.o(i.EXTI_GetITStatus)
    EXTI_Init                                0x08000581   Thumb Code   142  stm32l1xx_exti.o(i.EXTI_Init)
    GPIO_Init                                0x08000615   Thumb Code   144  stm32l1xx_gpio.o(i.GPIO_Init)
    GPIO_PinAFConfig                         0x080006a5   Thumb Code    70  stm32l1xx_gpio.o(i.GPIO_PinAFConfig)
    GPIO_ResetBits                           0x080006eb   Thumb Code     4  stm32l1xx_gpio.o(i.GPIO_ResetBits)
    GPIO_SetBits                             0x080006ef   Thumb Code     4  stm32l1xx_gpio.o(i.GPIO_SetBits)
    GpioInit                                 0x080006f3   Thumb Code    62  gpio.o(i.GpioInit)
    GpioIoeInit                              0x08000731   Thumb Code   214  gpio-ioe.o(i.GpioIoeInit)
    GpioIoeSetInterrupt                      0x08000807   Thumb Code     6  gpio-ioe.o(i.GpioIoeSetInterrupt)
    GpioIoeWrite                             0x0800080d   Thumb Code    84  gpio-ioe.o(i.GpioIoeWrite)
    GpioMcuInit                              0x08000861   Thumb Code   146  gpio-board.o(i.GpioMcuInit)
    GpioMcuSetInterrupt                      0x080008fd   Thumb Code   306  gpio-board.o(i.GpioMcuSetInterrupt)
    GpioMcuWrite                             0x08000a35   Thumb Code    50  gpio-board.o(i.GpioMcuWrite)
    GpioSetInterrupt                         0x08000a67   Thumb Code    60  gpio.o(i.GpioSetInterrupt)
    GpioWrite                                0x08000aa3   Thumb Code    38  gpio.o(i.GpioWrite)
    I2C_AcknowledgeConfig                    0x08000ac9   Thumb Code    24  stm32l1xx_i2c.o(i.I2C_AcknowledgeConfig)
    I2C_CheckEvent                           0x08000ae1   Thumb Code    42  stm32l1xx_i2c.o(i.I2C_CheckEvent)
    I2C_Cmd                                  0x08000b0b   Thumb Code    24  stm32l1xx_i2c.o(i.I2C_Cmd)
    I2C_DeInit                               0x08000b25   Thumb Code    50  stm32l1xx_i2c.o(i.I2C_DeInit)
    I2C_GenerateSTART                        0x08000b5d   Thumb Code    24  stm32l1xx_i2c.o(i.I2C_GenerateSTART)
    I2C_GenerateSTOP                         0x08000b75   Thumb Code    24  stm32l1xx_i2c.o(i.I2C_GenerateSTOP)
    I2C_GetFlagStatus                        0x08000b8d   Thumb Code    58  stm32l1xx_i2c.o(i.I2C_GetFlagStatus)
    I2C_Init                                 0x08000bc9   Thumb Code   218  stm32l1xx_i2c.o(i.I2C_Init)
    I2C_ReceiveData                          0x08000cb1   Thumb Code     8  stm32l1xx_i2c.o(i.I2C_ReceiveData)
    I2C_Send7bitAddress                      0x08000cb9   Thumb Code    16  stm32l1xx_i2c.o(i.I2C_Send7bitAddress)
    I2C_SendData                             0x08000cc9   Thumb Code     4  stm32l1xx_i2c.o(i.I2C_SendData)
    I2cInit                                  0x08000ccd   Thumb Code    50  i2c.o(i.I2cInit)
    I2cMcuFormat                             0x08000d09   Thumb Code   140  i2c-board.o(i.I2cMcuFormat)
    I2cMcuInit                               0x08000d99   Thumb Code    94  i2c-board.o(i.I2cMcuInit)
    I2cMcuReadBuffer                         0x08000dfd   Thumb Code   644  i2c-board.o(i.I2cMcuReadBuffer)
    I2cMcuWriteBuffer                        0x08001091   Thumb Code   382  i2c-board.o(i.I2cMcuWriteBuffer)
    I2cReadBuffer                            0x0800121d   Thumb Code    48  i2c.o(i.I2cReadBuffer)
    I2cResetBus                              0x08001251   Thumb Code    22  i2c.o(i.I2cResetBus)
    I2cWriteBuffer                           0x0800126d   Thumb Code    72  i2c.o(i.I2cWriteBuffer)
    MemManage_Handler                        0x080012b9   Thumb Code     4  sysirqhandlers.o(i.MemManage_Handler)
    NMI_Handler                              0x080012bd   Thumb Code     2  sysirqhandlers.o(i.NMI_Handler)
    NVIC_Init                                0x080012c1   Thumb Code   106  misc.o(i.NVIC_Init)
    NVIC_PriorityGroupConfig                 0x08001339   Thumb Code    10  misc.o(i.NVIC_PriorityGroupConfig)
    NVIC_SetVectorTable                      0x0800134d   Thumb Code    12  misc.o(i.NVIC_SetVectorTable)
    RCC_AHBPeriphClockCmd                    0x08001361   Thumb Code    26  stm32l1xx_rcc.o(i.RCC_AHBPeriphClockCmd)
    RCC_APB1PeriphClockCmd                   0x08001381   Thumb Code    26  stm32l1xx_rcc.o(i.RCC_APB1PeriphClockCmd)
    RCC_APB1PeriphResetCmd                   0x080013a1   Thumb Code    26  stm32l1xx_rcc.o(i.RCC_APB1PeriphResetCmd)
    RCC_APB2PeriphClockCmd                   0x080013c1   Thumb Code    26  stm32l1xx_rcc.o(i.RCC_APB2PeriphClockCmd)
    RCC_APB2PeriphResetCmd                   0x080013e1   Thumb Code    26  stm32l1xx_rcc.o(i.RCC_APB2PeriphResetCmd)
    RCC_GetClocksFreq                        0x08001401   Thumb Code   234  stm32l1xx_rcc.o(i.RCC_GetClocksFreq)
    RCC_HCLKConfig                           0x08001501   Thumb Code    18  stm32l1xx_rcc.o(i.RCC_HCLKConfig)
    SPI_Cmd                                  0x08001519   Thumb Code    24  stm32l1xx_spi.o(i.SPI_Cmd)
    SPI_Init                                 0x08001531   Thumb Code    60  stm32l1xx_spi.o(i.SPI_Init)
    SX1276IoIrqInit                          0x0800156d   Thumb Code   102  hal-sx1276.o(i.SX1276IoIrqInit)
    SX1509Init                               0x080015d9   Thumb Code    26  sx1509.o(i.SX1509Init)
    SX1509Read                               0x080015f9   Thumb Code    18  sx1509.o(i.SX1509Read)
    SX1509ReadBuffer                         0x0800160d   Thumb Code    30  sx1509.o(i.SX1509ReadBuffer)
    SX1509Reset                              0x08001635   Thumb Code    32  sx1509.o(i.SX1509Reset)
    SX1509SetDeviceAddr                      0x08001655   Thumb Code     6  sx1509.o(i.SX1509SetDeviceAddr)
    SX1509Write                              0x08001661   Thumb Code    16  sx1509.o(i.SX1509Write)
    SX1509WriteBuffer                        0x08001671   Thumb Code    30  sx1509.o(i.SX1509WriteBuffer)
    SYSCFG_EXTILineConfig                    0x08001699   Thumb Code    60  stm32l1xx_syscfg.o(i.SYSCFG_EXTILineConfig)
    SpiFormat                                0x080017e9   Thumb Code   156  spi.o(i.SpiFormat)
    SpiFrequency                             0x08001889   Thumb Code   112  spi.o(i.SpiFrequency)
    SystemInit                               0x08001901   Thumb Code    88  system_stm32l1xx.o(i.SystemInit)
    TIM2_IRQHandler                          0x08001969   Thumb Code    50  timer-board.o(i.TIM2_IRQHandler)
    TIM3_IRQHandler                          0x080019a5   Thumb Code    26  timer-board.o(i.TIM3_IRQHandler)
    TIM_ClearITPendingBit                    0x080019c5   Thumb Code     6  stm32l1xx_tim.o(i.TIM_ClearITPendingBit)
    TIM_Cmd                                  0x080019cb   Thumb Code    24  stm32l1xx_tim.o(i.TIM_Cmd)
    TIM_GetITStatus                          0x080019e3   Thumb Code    34  stm32l1xx_tim.o(i.TIM_GetITStatus)
    TIM_ITConfig                             0x08001a05   Thumb Code    18  stm32l1xx_tim.o(i.TIM_ITConfig)
    TIM_TimeBaseInit                         0x08001a19   Thumb Code    76  stm32l1xx_tim.o(i.TIM_TimeBaseInit)
    TimerGetValue                            0x08001a79   Thumb Code     8  timer-sensornode.o(i.TimerGetValue)
    TimerHwDelayMs                           0x08001a81   Thumb Code    30  timer-board.o(i.TimerHwDelayMs)
    TimerHwGetDelayValue                     0x08001aa1   Thumb Code    12  timer-board.o(i.TimerHwGetDelayValue)
    TimerHwGetElapsedTime                    0x08001ab1   Thumb Code    42  timer-board.o(i.TimerHwGetElapsedTime)
    TimerHwGetTimerValue                     0x08001ae1   Thumb Code    18  timer-board.o(i.TimerHwGetTimerValue)
    TimerHwInit                              0x08001af9   Thumb Code   196  timer-board.o(i.TimerHwInit)
    TimerHwStart                             0x08001bc5   Thumb Code    62  timer-board.o(i.TimerHwStart)
    TimerIncrementDelayCounter               0x08001c0d   Thumb Code    16  timer-board.o(i.TimerIncrementDelayCounter)
    TimerIncrementTickCounter                0x08001c21   Thumb Code    24  timer-board.o(i.TimerIncrementTickCounter)
    TimerIrqHandler                          0x08001c3d   Thumb Code   154  timer-sensornode.o(i.TimerIrqHandler)
    USART1_IRQHandler                        0x08001cf9   Thumb Code    90  hal-uart.o(i.USART1_IRQHandler)
    USART_Cmd                                0x08001d61   Thumb Code    24  stm32l1xx_usart.o(i.USART_Cmd)
    USART_DeInit                             0x08001d79   Thumb Code   134  stm32l1xx_usart.o(i.USART_DeInit)
    USART_GetITStatus                        0x08001e15   Thumb Code    84  stm32l1xx_usart.o(i.USART_GetITStatus)
    USART_ITConfig                           0x08001e69   Thumb Code    74  stm32l1xx_usart.o(i.USART_ITConfig)
    USART_Init                               0x08001eb5   Thumb Code   198  stm32l1xx_usart.o(i.USART_Init)
    USART_ReceiveData                        0x08001f81   Thumb Code    10  stm32l1xx_usart.o(i.USART_ReceiveData)
    UsageFault_Handler                       0x08001f8b   Thumb Code     4  sysirqhandlers.o(i.UsageFault_Handler)
    __scatterload_copy                       0x08001f8f   Thumb Code    14  handlers.o(i.__scatterload_copy)
    __scatterload_null                       0x08001f9d   Thumb Code     2  handlers.o(i.__scatterload_null)
    __scatterload_zeroinit                   0x08001f9f   Thumb Code    14  handlers.o(i.__scatterload_zeroinit)
    app_check_sum                            0x08001fad   Thumb Code    30  app.o(i.app_check_sum)
    app_evt                                  0x08001fcd   Thumb Code  1386  app.o(i.app_evt)
    app_init                                 0x08002565   Thumb Code   110  app.o(i.app_init)
    app_sx1276_event                         0x08002601   Thumb Code    62  app.o(i.app_sx1276_event)
    app_tx_pkt                               0x08002655   Thumb Code   104  app.o(i.app_tx_pkt)
    delay_ms                                 0x080026c5   Thumb Code    12  sys-tick.o(i.delay_ms)
    hal_clk_init                             0x080026d1   Thumb Code    58  hal-sys-clk.o(i.hal_clk_init)
    hal_led_init                             0x08002711   Thumb Code    82  hal-led.o(i.hal_led_init)
    hal_led_off                              0x08002771   Thumb Code    50  hal-led.o(i.hal_led_off)
    hal_led_on                               0x080027b1   Thumb Code    50  hal-led.o(i.hal_led_on)
    hal_spi_init                             0x080027f1   Thumb Code   254  hal-spi.o(i.hal_spi_init)
    hal_spi_wr                               0x08002901   Thumb Code    42  hal-spi.o(i.hal_spi_wr)
    hal_sx1276_get_tx_port                   0x08002931   Thumb Code    16  hal-sx1276.o(i.hal_sx1276_get_tx_port)
    hal_sx1276_init                          0x08002945   Thumb Code   222  hal-sx1276.o(i.hal_sx1276_init)
    hal_sx1276_set_rf_switch_mode            0x08002a3d   Thumb Code   202  hal-sx1276.o(i.hal_sx1276_set_rf_switch_mode)
    hal_sys_tick_init                        0x08002b15   Thumb Code    22  hal-sys-tick.o(i.hal_sys_tick_init)
    hal_uart_init                            0x08002b31   Thumb Code   216  hal-uart.o(i.hal_uart_init)
    hal_uart_write_tx_reg                    0x08002c1d   Thumb Code     6  hal-uart.o(i.hal_uart_write_tx_reg)
    irq_disable                              0x08002c29   Thumb Code    12  hal-irq.o(i.irq_disable)
    irq_restore                              0x08002c35   Thumb Code    10  hal-irq.o(i.irq_restore)
    led_blink                                0x08002c41   Thumb Code    44  led.o(i.led_blink)
    led_evt                                  0x08002c79   Thumb Code    68  led.o(i.led_evt)
    led_init                                 0x08002cc9   Thumb Code    24  led.o(i.led_init)
    led_off                                  0x08002ce5   Thumb Code    12  led.o(i.led_off)
    led_on                                   0x08002cf1   Thumb Code    12  led.o(i.led_on)
    main                                     0x08002cfd   Thumb Code    76  main.o(i.main)
    millis                                   0x08002d4d   Thumb Code    24  sys-tick.o(i.millis)
    sx1276_init                              0x08002d65   Thumb Code    60  sx1276.o(i.sx1276_init)
    sx1276_irq_dio0                          0x08002db5   Thumb Code   372  sx1276.o(i.sx1276_irq_dio0)
    sx1276_irq_dio1                          0x08002f31   Thumb Code    88  sx1276.o(i.sx1276_irq_dio1)
    sx1276_irq_dio2                          0x08002f8d   Thumb Code     2  sx1276.o(i.sx1276_irq_dio2)
    sx1276_irq_dio3                          0x08002f8f   Thumb Code     2  sx1276.o(i.sx1276_irq_dio3)
    sx1276_irq_dio4                          0x08002f91   Thumb Code     2  sx1276.o(i.sx1276_irq_dio4)
    sx1276_read                              0x08002f95   Thumb Code    52  sx1276.o(i.sx1276_read)
    sx1276_read_burst                        0x08002fcd   Thumb Code    68  sx1276.o(i.sx1276_read_burst)
    sx1276_read_fifo                         0x08003015   Thumb Code    18  sx1276.o(i.sx1276_read_fifo)
    sx1276_read_pkt_snr_rssi                 0x08003029   Thumb Code   100  sx1276.o(i.sx1276_read_pkt_snr_rssi)
    sx1276_receive                           0x08003095   Thumb Code   140  sx1276.o(i.sx1276_receive)
    sx1276_reset                             0x08003129   Thumb Code    62  sx1276.o(i.sx1276_reset)
    sx1276_rmw                               0x0800316d   Thumb Code   100  sx1276.o(i.sx1276_rmw)
    sx1276_send                              0x080031d5   Thumb Code    86  sx1276.o(i.sx1276_send)
    sx1276_set_bandwidth                     0x08003231   Thumb Code    30  sx1276.o(i.sx1276_set_bandwidth)
    sx1276_set_channel                       0x08003255   Thumb Code    66  sx1276.o(i.sx1276_set_channel)
    sx1276_set_coding_rate                   0x080032a1   Thumb Code    28  sx1276.o(i.sx1276_set_coding_rate)
    sx1276_set_config                        0x080032bd   Thumb Code   116  sx1276.o(i.sx1276_set_config)
    sx1276_set_crc_mode                      0x08003331   Thumb Code    30  sx1276.o(i.sx1276_set_crc_mode)
    sx1276_set_header_mode                   0x0800334f   Thumb Code    30  sx1276.o(i.sx1276_set_header_mode)
    sx1276_set_mode                          0x080033d3   Thumb Code   140  sx1276.o(i.sx1276_set_mode)
    sx1276_set_modem                         0x0800345f   Thumb Code    44  sx1276.o(i.sx1276_set_modem)
    sx1276_set_preamble                      0x0800348d   Thumb Code    14  sx1276.o(i.sx1276_set_preamble)
    sx1276_set_preamble_reg                  0x080034a5   Thumb Code    32  sx1276.o(i.sx1276_set_preamble_reg)
    sx1276_set_sf                            0x080034c5   Thumb Code    76  sx1276.o(i.sx1276_set_sf)
    sx1276_set_symbol_timeout                0x08003515   Thumb Code    34  sx1276.o(i.sx1276_set_symbol_timeout)
    sx1276_set_tx_power                      0x08003539   Thumb Code   136  sx1276.o(i.sx1276_set_tx_power)
    sx1276_timeout_to_symbol                 0x080035c5   Thumb Code    52  sx1276.o(i.sx1276_timeout_to_symbol)
    sx1276_write                             0x080035fd   Thumb Code    50  sx1276.o(i.sx1276_write)
    sx1276_write_burst                       0x08003635   Thumb Code    68  sx1276.o(i.sx1276_write_burst)
    sx1276_write_fifo                        0x0800367d   Thumb Code    18  sx1276.o(i.sx1276_write_fifo)
    sys_tick_init                            0x080036e1   Thumb Code    16  sys-tick.o(i.sys_tick_init)
    uart_init                                0x080036f9   Thumb Code    42  uart.o(i.uart_init)
    uart_rx_handler                          0x08003745   Thumb Code    54  uart.o(i.uart_rx_handler)
    uart_tx_handler                          0x08003789   Thumb Code    64  uart.o(i.uart_tx_handler)
    Region$$Table$$Base                      0x080038ec   Number         0  anon$$obj.o(Region$$Table)
    Region$$Table$$Limit                     0x0800390c   Number         0  anon$$obj.o(Region$$Table)
    app_sta                                  0x20000000   Data           1  app.o(.data)
    app_ts                                   0x20000004   Data           4  app.o(.data)
    tx_count                                 0x20000008   Data           4  app.o(.data)
    tx_len                                   0x2000000c   Data           1  app.o(.data)
    tx_done_flag                             0x2000000d   Data           1  app.o(.data)
    rx_pkt                                   0x20000010   Data           4  app.o(.data)
    rx_done_flag                             0x20000014   Data           1  app.o(.data)
    rx_error_flag                            0x20000015   Data           1  app.o(.data)
    rx_timeout_flag                          0x20000016   Data           1  app.o(.data)
    rx_count_bak                             0x20000018   Data           4  app.o(.data)
    rx_count                                 0x2000001c   Data           4  app.o(.data)
    rx_check_sum                             0x20000020   Data           1  app.o(.data)
    rx_pkt_lost_cnt                          0x20000024   Data           4  app.o(.data)
    rx_pkt_cnt                               0x20000028   Data           4  app.o(.data)
    master_timeout_cnt                       0x2000002c   Data           1  app.o(.data)
    master_slave_select                      0x2000002d   Data           1  app.o(.data)
    master_rx_once_flag                      0x2000002e   Data           1  app.o(.data)
    HasLoopedThroughMain                     0x20000031   Data           1  timer-sensornode.o(.data)
    SystemCoreClock                          0x2000003c   Data           4  system_stm32l1xx.o(.data)
    PLLMulTable                              0x20000040   Data           9  system_stm32l1xx.o(.data)
    AHBPrescTable                            0x20000049   Data          16  system_stm32l1xx.o(.data)
    hal_sx1276_irq_callback                  0x2000005c   Data          24  hal-sx1276.o(.data)
    I2cInternalAddrSize                      0x20000084   Data           1  i2c-board.o(.data)
    TimerTickCounter                         0x20000088   Data           8  timer-board.o(.data)
    TimeoutCntValue                          0x20000098   Data           8  timer-board.o(.data)
    TimerDelayCounter                        0x200000a0   Data           4  timer-board.o(.data)
    led_sta_p                                0x200000bd   Data           3  led.o(.data)
    sx1276_config                            0x200000d8   Data          16  app.o(.bss)
    tx_buf                                   0x200000e8   Data         256  app.o(.bss)
    SPI_InitStructure                        0x200001e8   Data          18  spi.o(.bss)
    IrqMpl3115                               0x200001fc   Data          12  board.o(.bss)
    IrqMag3110                               0x20000208   Data          12  board.o(.bss)
    GpsPowerEn                               0x20000214   Data          12  board.o(.bss)
    RadioPushButton                          0x20000220   Data          12  board.o(.bss)
    BoardPowerDown                           0x2000022c   Data          12  board.o(.bss)
    NcIoe5                                   0x20000238   Data          12  board.o(.bss)
    NcIoe6                                   0x20000244   Data          12  board.o(.bss)
    NcIoe7                                   0x20000250   Data          12  board.o(.bss)
    NIrqSx9500                               0x2000025c   Data          12  board.o(.bss)
    Irq1Mma8451                              0x20000268   Data          12  board.o(.bss)
    Irq2Mma8451                              0x20000274   Data          12  board.o(.bss)
    TxEnSx9500                               0x20000280   Data          12  board.o(.bss)
    Led1                                     0x2000028c   Data          12  board.o(.bss)
    Led2                                     0x20000298   Data          12  board.o(.bss)
    Led3                                     0x200002a4   Data          12  board.o(.bss)
    Led4                                     0x200002b0   Data          12  board.o(.bss)
    GpsPps                                   0x200002bc   Data          12  board.o(.bss)
    GpsRx                                    0x200002c8   Data          12  board.o(.bss)
    GpsTx                                    0x200002d4   Data          12  board.o(.bss)
    UsbDetect                                0x200002e0   Data          12  board.o(.bss)
    Wkup1                                    0x200002ec   Data          12  board.o(.bss)
    DcDcEnable                               0x200002f8   Data          12  board.o(.bss)
    BatVal                                   0x20000304   Data          12  board.o(.bss)
    I2c                                      0x20000310   Data          28  board.o(.bss)
    sx1276                                   0x2000036c   Data         144  hal-sx1276.o(.bss)
    Spi1                                     0x200003fc   Data          56  hal-sx1276.o(.bss)
    AntSwitchLf                              0x20000434   Data          12  hal-sx1276.o(.bss)
    AntSwitchHf                              0x20000440   Data          12  hal-sx1276.o(.bss)
    Uart_tx                                  0x2000044c   Data          12  hal-uart.o(.bss)
    Uart_rx                                  0x20000458   Data          12  hal-uart.o(.bss)
    led_timestamp_p                          0x20000464   Data          12  led.o(.bss)
    led_blink_time_p                         0x20000470   Data          12  led.o(.bss)
    __initial_sp                             0x20000b70   Data           0  startup_stm32l1xx_md.o(STACK)



==============================================================================

Memory Map of the image

  Image Entry point : 0x08000109

  Load Region LR_1 (Base: 0x08000000, Size: 0x000039e4, Max: 0xffffffff, ABSOLUTE)

    Execution Region ER_RO (Base: 0x08000000, Size: 0x0000390c, Max: 0xffffffff, ABSOLUTE)

    Base Addr    Size         Type   Attr      Idx    E Section Name        Object

    0x08000000   0x000000f4   Data   RO          734    RESET               startup_stm32l1xx_md.o
    0x080000f4   0x00000000   Code   RO         5543  * .ARM.Collect$$$$00000000  mc_w.l(entry.o)
    0x080000f4   0x00000004   Code   RO         5560    .ARM.Collect$$$$00000001  mc_w.l(entry2.o)
    0x080000f8   0x00000004   Code   RO         5563    .ARM.Collect$$$$00000004  mc_w.l(entry5.o)
    0x080000fc   0x00000000   Code   RO         5565    .ARM.Collect$$$$00000008  mc_w.l(entry7b.o)
    0x080000fc   0x00000000   Code   RO         5567    .ARM.Collect$$$$0000000A  mc_w.l(entry8b.o)
    0x080000fc   0x00000008   Code   RO         5568    .ARM.Collect$$$$0000000B  mc_w.l(entry9a.o)
    0x08000104   0x00000000   Code   RO         5570    .ARM.Collect$$$$0000000D  mc_w.l(entry10a.o)
    0x08000104   0x00000000   Code   RO         5572    .ARM.Collect$$$$0000000F  mc_w.l(entry11a.o)
    0x08000104   0x00000004   Code   RO         5561    .ARM.Collect$$$$00002712  mc_w.l(entry2.o)
    0x08000108   0x00000024   Code   RO          735  * .text               startup_stm32l1xx_md.o
    0x0800012c   0x00000024   Code   RO         5546    .text               mc_w.l(memcpya.o)
    0x08000150   0x0000001a   Code   RO         5548    .text               mc_w.l(memcmp.o)
    0x0800016a   0x000000de   Code   RO         5554    .text               mf_w.l(ddiv.o)
    0x08000248   0x0000001a   Code   RO         5556    .text               mf_w.l(dfltui.o)
    0x08000262   0x00000032   Code   RO         5558    .text               mf_w.l(dfixui.o)
    0x08000294   0x00000020   Code   RO         5574    .text               mc_w.l(llushr.o)
    0x080002b4   0x00000000   Code   RO         5576    .text               mc_w.l(iusefp.o)
    0x080002b4   0x000000ba   Code   RO         5577    .text               mf_w.l(depilogue.o)
    0x0800036e   0x00000002   PAD
    0x08000370   0x00000024   Code   RO         5583    .text               mc_w.l(init.o)
    0x08000394   0x0000001e   Code   RO         5585    .text               mc_w.l(llshl.o)
    0x080003b2   0x00000004   Code   RO         4956    i.BusFault_Handler  sysirqhandlers.o
    0x080003b6   0x00000002   Code   RO         4957    i.DebugMon_Handler  sysirqhandlers.o
    0x080003b8   0x000000bc   Code   RO          762    i.EXTI15_10_IRQHandler  gpio-board.o
    0x08000474   0x00000024   Code   RO          763    i.EXTI3_IRQHandler  gpio-board.o
    0x08000498   0x00000024   Code   RO          764    i.EXTI4_IRQHandler  gpio-board.o
    0x080004bc   0x00000094   Code   RO          765    i.EXTI9_5_IRQHandler  gpio-board.o
    0x08000550   0x0000000c   Code   RO         2076    i.EXTI_ClearFlag    stm32l1xx_exti.o
    0x0800055c   0x0000000c   Code   RO         2077    i.EXTI_ClearITPendingBit  stm32l1xx_exti.o
    0x08000568   0x00000018   Code   RO         2081    i.EXTI_GetITStatus  stm32l1xx_exti.o
    0x08000580   0x00000094   Code   RO         2082    i.EXTI_Init         stm32l1xx_exti.o
    0x08000614   0x00000090   Code   RO         2521    i.GPIO_Init         stm32l1xx_gpio.o
    0x080006a4   0x00000046   Code   RO         2522    i.GPIO_PinAFConfig  stm32l1xx_gpio.o
    0x080006ea   0x00000004   Code   RO         2528    i.GPIO_ResetBits    stm32l1xx_gpio.o
    0x080006ee   0x00000004   Code   RO         2529    i.GPIO_SetBits      stm32l1xx_gpio.o
    0x080006f2   0x0000003e   Code   RO          256    i.GpioInit          gpio.o
    0x08000730   0x000000d6   Code   RO          531    i.GpioIoeInit       gpio-ioe.o
    0x08000806   0x00000006   Code   RO          533    i.GpioIoeSetInterrupt  gpio-ioe.o
    0x0800080c   0x00000054   Code   RO          534    i.GpioIoeWrite      gpio-ioe.o
    0x08000860   0x0000009c   Code   RO          766    i.GpioMcuInit       gpio-board.o
    0x080008fc   0x00000138   Code   RO          769    i.GpioMcuSetInterrupt  gpio-board.o
    0x08000a34   0x00000032   Code   RO          770    i.GpioMcuWrite      gpio-board.o
    0x08000a66   0x0000003c   Code   RO          259    i.GpioSetInterrupt  gpio.o
    0x08000aa2   0x00000026   Code   RO          260    i.GpioWrite         gpio.o
    0x08000ac8   0x00000018   Code   RO         2619    i.I2C_AcknowledgeConfig  stm32l1xx_i2c.o
    0x08000ae0   0x0000002a   Code   RO         2621    i.I2C_CheckEvent    stm32l1xx_i2c.o
    0x08000b0a   0x00000018   Code   RO         2624    i.I2C_Cmd           stm32l1xx_i2c.o
    0x08000b22   0x00000002   PAD
    0x08000b24   0x00000038   Code   RO         2627    i.I2C_DeInit        stm32l1xx_i2c.o
    0x08000b5c   0x00000018   Code   RO         2631    i.I2C_GenerateSTART  stm32l1xx_i2c.o
    0x08000b74   0x00000018   Code   RO         2632    i.I2C_GenerateSTOP  stm32l1xx_i2c.o
    0x08000b8c   0x0000003a   Code   RO         2633    i.I2C_GetFlagStatus  stm32l1xx_i2c.o
    0x08000bc6   0x00000002   PAD
    0x08000bc8   0x000000e8   Code   RO         2638    i.I2C_Init          stm32l1xx_i2c.o
    0x08000cb0   0x00000008   Code   RO         2643    i.I2C_ReceiveData   stm32l1xx_i2c.o
    0x08000cb8   0x00000010   Code   RO         2645    i.I2C_Send7bitAddress  stm32l1xx_i2c.o
    0x08000cc8   0x00000004   Code   RO         2646    i.I2C_SendData      stm32l1xx_i2c.o
    0x08000ccc   0x0000003c   Code   RO          317    i.I2cInit           i2c.o
    0x08000d08   0x00000090   Code   RO         1103    i.I2cMcuFormat      i2c-board.o
    0x08000d98   0x00000064   Code   RO         1104    i.I2cMcuInit        i2c-board.o
    0x08000dfc   0x00000294   Code   RO         1105    i.I2cMcuReadBuffer  i2c-board.o
    0x08001090   0x0000018c   Code   RO         1107    i.I2cMcuWriteBuffer  i2c-board.o
    0x0800121c   0x00000034   Code   RO          318    i.I2cReadBuffer     i2c.o
    0x08001250   0x0000001c   Code   RO          319    i.I2cResetBus       i2c.o
    0x0800126c   0x0000004c   Code   RO          321    i.I2cWriteBuffer    i2c.o
    0x080012b8   0x00000004   Code   RO         4958    i.MemManage_Handler  sysirqhandlers.o
    0x080012bc   0x00000002   Code   RO         4959    i.NMI_Handler       sysirqhandlers.o
    0x080012be   0x00000002   PAD
    0x080012c0   0x00000078   Code   RO         1272    i.NVIC_Init         misc.o
    0x08001338   0x00000014   Code   RO         1273    i.NVIC_PriorityGroupConfig  misc.o
    0x0800134c   0x00000014   Code   RO         1274    i.NVIC_SetVectorTable  misc.o
    0x08001360   0x00000020   Code   RO         3168    i.RCC_AHBPeriphClockCmd  stm32l1xx_rcc.o
    0x08001380   0x00000020   Code   RO         3171    i.RCC_APB1PeriphClockCmd  stm32l1xx_rcc.o
    0x080013a0   0x00000020   Code   RO         3173    i.RCC_APB1PeriphResetCmd  stm32l1xx_rcc.o
    0x080013c0   0x00000020   Code   RO         3174    i.RCC_APB2PeriphClockCmd  stm32l1xx_rcc.o
    0x080013e0   0x00000020   Code   RO         3176    i.RCC_APB2PeriphResetCmd  stm32l1xx_rcc.o
    0x08001400   0x00000100   Code   RO         3183    i.RCC_GetClocksFreq  stm32l1xx_rcc.o
    0x08001500   0x00000018   Code   RO         3187    i.RCC_HCLKConfig    stm32l1xx_rcc.o
    0x08001518   0x00000018   Code   RO         3953    i.SPI_Cmd           stm32l1xx_spi.o
    0x08001530   0x0000003c   Code   RO         3966    i.SPI_Init          stm32l1xx_spi.o
    0x0800156c   0x0000006c   Code   RO          946    i.SX1276IoIrqInit   hal-sx1276.o
    0x080015d8   0x00000020   Code   RO          573    i.SX1509Init        sx1509.o
    0x080015f8   0x00000012   Code   RO          574    i.SX1509Read        sx1509.o
    0x0800160a   0x00000002   PAD
    0x0800160c   0x00000028   Code   RO          575    i.SX1509ReadBuffer  sx1509.o
    0x08001634   0x00000020   Code   RO          576    i.SX1509Reset       sx1509.o
    0x08001654   0x0000000c   Code   RO          577    i.SX1509SetDeviceAddr  sx1509.o
    0x08001660   0x00000010   Code   RO          578    i.SX1509Write       sx1509.o
    0x08001670   0x00000028   Code   RO          579    i.SX1509WriteBuffer  sx1509.o
    0x08001698   0x00000040   Code   RO         4101    i.SYSCFG_EXTILineConfig  stm32l1xx_syscfg.o
    0x080016d8   0x00000110   Code   RO          636    i.SetSysClock       system_stm32l1xx.o
    0x080017e8   0x000000a0   Code   RO          372    i.SpiFormat         spi.o
    0x08001888   0x00000078   Code   RO          373    i.SpiFrequency      spi.o
    0x08001900   0x00000068   Code   RO          638    i.SystemInit        system_stm32l1xx.o
    0x08001968   0x0000003c   Code   RO         1161    i.TIM2_IRQHandler   timer-board.o
    0x080019a4   0x00000020   Code   RO         1162    i.TIM3_IRQHandler   timer-board.o
    0x080019c4   0x00000006   Code   RO         4199    i.TIM_ClearITPendingBit  stm32l1xx_tim.o
    0x080019ca   0x00000018   Code   RO         4204    i.TIM_Cmd           stm32l1xx_tim.o
    0x080019e2   0x00000022   Code   RO         4224    i.TIM_GetITStatus   stm32l1xx_tim.o
    0x08001a04   0x00000012   Code   RO         4228    i.TIM_ITConfig      stm32l1xx_tim.o
    0x08001a16   0x00000002   PAD
    0x08001a18   0x00000060   Code   RO         4272    i.TIM_TimeBaseInit  stm32l1xx_tim.o
    0x08001a78   0x00000008   Code   RO          425    i.TimerGetValue     timer-sensornode.o
    0x08001a80   0x0000001e   Code   RO         1164    i.TimerHwDelayMs    timer-board.o
    0x08001a9e   0x00000002   PAD
    0x08001aa0   0x00000010   Code   RO         1166    i.TimerHwGetDelayValue  timer-board.o
    0x08001ab0   0x00000030   Code   RO         1167    i.TimerHwGetElapsedTime  timer-board.o
    0x08001ae0   0x00000018   Code   RO         1170    i.TimerHwGetTimerValue  timer-board.o
    0x08001af8   0x000000cc   Code   RO         1171    i.TimerHwInit       timer-board.o
    0x08001bc4   0x00000048   Code   RO         1172    i.TimerHwStart      timer-board.o
    0x08001c0c   0x00000014   Code   RO         1174    i.TimerIncrementDelayCounter  timer-board.o
    0x08001c20   0x0000001c   Code   RO         1175    i.TimerIncrementTickCounter  timer-board.o
    0x08001c3c   0x000000a4   Code   RO          429    i.TimerIrqHandler   timer-sensornode.o
    0x08001ce0   0x00000018   Code   RO          433    i.TimerSetTimeout   timer-sensornode.o
    0x08001cf8   0x00000068   Code   RO         1048    i.USART1_IRQHandler  hal-uart.o
    0x08001d60   0x00000018   Code   RO         4710    i.USART_Cmd         stm32l1xx_usart.o
    0x08001d78   0x0000009c   Code   RO         4712    i.USART_DeInit      stm32l1xx_usart.o
    0x08001e14   0x00000054   Code   RO         4714    i.USART_GetITStatus  stm32l1xx_usart.o
    0x08001e68   0x0000004a   Code   RO         4716    i.USART_ITConfig    stm32l1xx_usart.o
    0x08001eb2   0x00000002   PAD
    0x08001eb4   0x000000cc   Code   RO         4717    i.USART_Init        stm32l1xx_usart.o
    0x08001f80   0x0000000a   Code   RO         4724    i.USART_ReceiveData  stm32l1xx_usart.o
    0x08001f8a   0x00000004   Code   RO         4960    i.UsageFault_Handler  sysirqhandlers.o
    0x08001f8e   0x0000000e   Code   RO         5591    i.__scatterload_copy  mc_w.l(handlers.o)
    0x08001f9c   0x00000002   Code   RO         5592    i.__scatterload_null  mc_w.l(handlers.o)
    0x08001f9e   0x0000000e   Code   RO         5593    i.__scatterload_zeroinit  mc_w.l(handlers.o)
    0x08001fac   0x0000001e   Code   RO            3    i.app_check_sum     app.o
    0x08001fca   0x00000002   PAD
    0x08001fcc   0x00000598   Code   RO            4    i.app_evt           app.o
    0x08002564   0x0000009c   Code   RO            5    i.app_init          app.o
    0x08002600   0x00000054   Code   RO            6    i.app_sx1276_event  app.o
    0x08002654   0x00000070   Code   RO            7    i.app_tx_pkt        app.o
    0x080026c4   0x0000000c   Code   RO         5136    i.delay_ms          sys-tick.o
    0x080026d0   0x00000040   Code   RO         1000    i.hal_clk_init      hal-sys-clk.o
    0x08002710   0x00000060   Code   RO          873    i.hal_led_init      hal-led.o
    0x08002770   0x00000040   Code   RO          874    i.hal_led_off       hal-led.o
    0x080027b0   0x00000040   Code   RO          875    i.hal_led_on        hal-led.o
    0x080027f0   0x00000110   Code   RO          912    i.hal_spi_init      hal-spi.o
    0x08002900   0x00000030   Code   RO          913    i.hal_spi_wr        hal-spi.o
    0x08002930   0x00000014   Code   RO          947    i.hal_sx1276_get_tx_port  hal-sx1276.o
    0x08002944   0x000000f8   Code   RO          948    i.hal_sx1276_init   hal-sx1276.o
    0x08002a3c   0x000000d8   Code   RO          950    i.hal_sx1276_set_rf_switch_mode  hal-sx1276.o
    0x08002b14   0x0000001c   Code   RO         1020    i.hal_sys_tick_init  hal-sys-tick.o
    0x08002b30   0x000000ec   Code   RO         1051    i.hal_uart_init     hal-uart.o
    0x08002c1c   0x0000000c   Code   RO         1053    i.hal_uart_write_tx_reg  hal-uart.o
    0x08002c28   0x0000000c   Code   RO          832    i.irq_disable       hal-irq.o
    0x08002c34   0x0000000a   Code   RO          835    i.irq_restore       hal-irq.o
    0x08002c3e   0x00000002   PAD
    0x08002c40   0x00000038   Code   RO         5062    i.led_blink         led.o
    0x08002c78   0x00000050   Code   RO         5063    i.led_evt           led.o
    0x08002cc8   0x0000001c   Code   RO         5064    i.led_init          led.o
    0x08002ce4   0x0000000c   Code   RO         5065    i.led_off           led.o
    0x08002cf0   0x0000000c   Code   RO         5066    i.led_on            led.o
    0x08002cfc   0x00000050   Code   RO          230    i.main              main.o
    0x08002d4c   0x00000018   Code   RO         5137    i.millis            sys-tick.o
    0x08002d64   0x00000050   Code   RO         5287    i.sx1276_init       sx1276.o
    0x08002db4   0x0000017c   Code   RO         5288    i.sx1276_irq_dio0   sx1276.o
    0x08002f30   0x0000005c   Code   RO         5289    i.sx1276_irq_dio1   sx1276.o
    0x08002f8c   0x00000002   Code   RO         5290    i.sx1276_irq_dio2   sx1276.o
    0x08002f8e   0x00000002   Code   RO         5291    i.sx1276_irq_dio3   sx1276.o
    0x08002f90   0x00000002   Code   RO         5292    i.sx1276_irq_dio4   sx1276.o
    0x08002f92   0x00000002   PAD
    0x08002f94   0x00000038   Code   RO         5295    i.sx1276_read       sx1276.o
    0x08002fcc   0x00000048   Code   RO         5296    i.sx1276_read_burst  sx1276.o
    0x08003014   0x00000012   Code   RO         5297    i.sx1276_read_fifo  sx1276.o
    0x08003026   0x00000002   PAD
    0x08003028   0x0000006c   Code   RO         5298    i.sx1276_read_pkt_snr_rssi  sx1276.o
    0x08003094   0x00000094   Code   RO         5300    i.sx1276_receive    sx1276.o
    0x08003128   0x00000044   Code   RO         5301    i.sx1276_reset      sx1276.o
    0x0800316c   0x00000068   Code   RO         5302    i.sx1276_rmw        sx1276.o
    0x080031d4   0x0000005c   Code   RO         5303    i.sx1276_send       sx1276.o
    0x08003230   0x00000024   Code   RO         5304    i.sx1276_set_bandwidth  sx1276.o
    0x08003254   0x0000004c   Code   RO         5306    i.sx1276_set_channel  sx1276.o
    0x080032a0   0x0000001c   Code   RO         5307    i.sx1276_set_coding_rate  sx1276.o
    0x080032bc   0x00000074   Code   RO         5308    i.sx1276_set_config  sx1276.o
    0x08003330   0x0000001e   Code   RO         5309    i.sx1276_set_crc_mode  sx1276.o
    0x0800334e   0x0000001e   Code   RO         5310    i.sx1276_set_header_mode  sx1276.o
    0x0800336c   0x00000066   Code   RO         5312    i.sx1276_set_low_datarate_optimization  sx1276.o
    0x080033d2   0x0000008c   Code   RO         5313    i.sx1276_set_mode   sx1276.o
    0x0800345e   0x0000002c   Code   RO         5314    i.sx1276_set_modem  sx1276.o
    0x0800348a   0x00000002   PAD
    0x0800348c   0x00000018   Code   RO         5315    i.sx1276_set_preamble  sx1276.o
    0x080034a4   0x00000020   Code   RO         5316    i.sx1276_set_preamble_reg  sx1276.o
    0x080034c4   0x00000050   Code   RO         5317    i.sx1276_set_sf     sx1276.o
    0x08003514   0x00000022   Code   RO         5318    i.sx1276_set_symbol_timeout  sx1276.o
    0x08003536   0x00000002   PAD
    0x08003538   0x0000008c   Code   RO         5319    i.sx1276_set_tx_power  sx1276.o
    0x080035c4   0x00000038   Code   RO         5320    i.sx1276_timeout_to_symbol  sx1276.o
    0x080035fc   0x00000038   Code   RO         5321    i.sx1276_write      sx1276.o
    0x08003634   0x00000048   Code   RO         5322    i.sx1276_write_burst  sx1276.o
    0x0800367c   0x00000012   Code   RO         5323    i.sx1276_write_fifo  sx1276.o
    0x0800368e   0x00000002   PAD
    0x08003690   0x00000050   Code   RO         5141    i.sys_tick_handler  sys-tick.o
    0x080036e0   0x00000018   Code   RO         5142    i.sys_tick_init     sys-tick.o
    0x080036f8   0x0000004c   Code   RO         5207    i.uart_init         uart.o
    0x08003744   0x00000044   Code   RO         5214    i.uart_rx_handler   uart.o
    0x08003788   0x0000004c   Code   RO         5215    i.uart_tx_handler   uart.o
    0x080037d4   0x00000118   Data   RO         5325    .constdata          sx1276.o
    0x080038ec   0x00000020   Data   RO         5589    Region$$Table       anon$$obj.o


    Execution Region ER_RW (Base: 0x20000000, Size: 0x000000d8, Max: 0xffffffff, ABSOLUTE)

    Base Addr    Size         Type   Attr      Idx    E Section Name        Object

    0x20000000   0x0000002f   Data   RW            9    .data               app.o
    0x2000002f   0x00000001   Data   RW          322    .data               i2c.o
    0x20000030   0x00000008   Data   RW          437    .data               timer-sensornode.o
    0x20000038   0x00000002   Data   RW          580    .data               sx1509.o
    0x2000003a   0x00000002   PAD
    0x2000003c   0x0000001d   Data   RW          639    .data               system_stm32l1xx.o
    0x20000059   0x00000003   PAD
    0x2000005c   0x00000019   Data   RW          952    .data               hal-sx1276.o
    0x20000075   0x00000003   PAD
    0x20000078   0x00000004   Data   RW         1021    .data               hal-sys-tick.o
    0x2000007c   0x00000008   Data   RW         1055    .data               hal-uart.o
    0x20000084   0x00000001   Data   RW         1109    .data               i2c-board.o
    0x20000085   0x00000003   PAD
    0x20000088   0x0000001c   Data   RW         1176    .data               timer-board.o
    0x200000a4   0x00000019   Data   RW         3206    .data               stm32l1xx_rcc.o
    0x200000bd   0x00000003   Data   RW         5069    .data               led.o
    0x200000c0   0x00000008   Data   RW         5146    .data               sys-tick.o
    0x200000c8   0x00000006   Data   RW         5218    .data               uart.o
    0x200000ce   0x00000002   PAD
    0x200000d0   0x00000008   Data   RW         5326    .data               sx1276.o


    Execution Region ER_ZI (Base: 0x200000d8, Size: 0x00000a98, Max: 0xffffffff, ABSOLUTE)

    Base Addr    Size         Type   Attr      Idx    E Section Name        Object

    0x200000d8   0x00000110   Zero   RW            8    .bss                app.o
    0x200001e8   0x00000012   Zero   RW          375    .bss                spi.o
    0x200001fa   0x00000002   PAD
    0x200001fc   0x00000130   Zero   RW          741    .bss                board.o
    0x2000032c   0x00000040   Zero   RW          771    .bss                gpio-board.o
    0x2000036c   0x000000e0   Zero   RW          951    .bss                hal-sx1276.o
    0x2000044c   0x00000018   Zero   RW         1054    .bss                hal-uart.o
    0x20000464   0x00000018   Zero   RW         5068    .bss                led.o
    0x2000047c   0x00000020   Zero   RW         5145    .bss                sys-tick.o
    0x2000049c   0x000001b8   Zero   RW         5216    .bss                uart.o
    0x20000654   0x0000011c   Zero   RW         5324    .bss                sx1276.o
    0x20000770   0x00000400   Zero   RW          732    STACK               startup_stm32l1xx_md.o


==============================================================================

Image component sizes


      Code (inc. data)   RO Data    RW Data    ZI Data      Debug   Object Name

      1814        208          0         47        272     241355   app.o
         0          0          0          0        304       1050   board.o
       926         38          0          0         64       5661   gpio-board.o
       304          0          0          0          0       2723   gpio-ioe.o
       160          0          0          0          0       2482   gpio.o
        22          0          0          0          0       2680   hal-irq.o
       224         42          0          0          0       1678   hal-led.o
       320         24          0          0          0       2861   hal-spi.o
       592         50          0         25        224       7883   hal-sx1276.o
        64          6          0          0          0        535   hal-sys-clk.o
        28          6          0          4          0       1316   hal-sys-tick.o
       352         40          0          8         24       2898   hal-uart.o
      1300         40          0          1          0       4861   i2c-board.o
       216         24          0          1          0       3889   i2c.o
       188         28          0          3         24       3241   led.o
        80          4          0          0          0       2727   main.o
       160         32          0          0          0       2417   misc.o
       280         12          0          0         18       3295   spi.o
        36          8        244          0       1024        896   startup_stm32l1xx_md.o
       196         22          0          0          0       2989   stm32l1xx_exti.o
       222          0          0          0          0       3251   stm32l1xx_gpio.o
       512         20          0          0          0       7985   stm32l1xx_i2c.o
       440         58          0         25          0       6705   stm32l1xx_rcc.o
        84          0          0          0          0       1845   stm32l1xx_spi.o
        64          4          0          0          0        712   stm32l1xx_syscfg.o
       178         20          0          0          0       3958   stm32l1xx_tim.o
       552         28          0          0          0       5329   stm32l1xx_usart.o
      2338        128        280          8        284      20205   sx1276.o
       190         32          0          2          0       4847   sx1509.o
       140         22          0          8         32       2780   sys-tick.o
        16          0          0          0          0       2405   sysirqhandlers.o
       376         30          0         29          0      60933   system_stm32l1xx.o
       534         58          0         28          0       6694   timer-board.o
       196         16          0          8          0       3641   timer-sensornode.o
       220         60          0          6        440       2348   uart.o

    ----------------------------------------------------------------------
     13352       1060        556        216       2712     431075   Object Totals
         0          0         32          0          0          0   (incl. Generated)
        28          0          0         13          2          0   (incl. Padding)

    ----------------------------------------------------------------------

      Code (inc. data)   RO Data    RW Data    ZI Data      Debug   Library Member Name

         0          0          0          0          0          0   entry.o
         0          0          0          0          0          0   entry10a.o
         0          0          0          0          0          0   entry11a.o
         8          4          0          0          0          0   entry2.o
         4          0          0          0          0          0   entry5.o
         0          0          0          0          0          0   entry7b.o
         0          0          0          0          0          0   entry8b.o
         8          4          0          0          0          0   entry9a.o
        30          0          0          0          0          0   handlers.o
        36          8          0          0          0         68   init.o
         0          0          0          0          0          0   iusefp.o
        30          0          0          0          0         68   llshl.o
        32          0          0          0          0         68   llushr.o
        26          0          0          0          0         80   memcmp.o
        36          0          0          0          0         68   memcpya.o
       222          0          0          0          0        100   ddiv.o
       186          0          0          0          0        176   depilogue.o
        50          0          0          0          0         76   dfixui.o
        26          0          0          0          0         76   dfltui.o

    ----------------------------------------------------------------------
       696         16          0          0          0        780   Library Totals
         2          0          0          0          0          0   (incl. Padding)

    ----------------------------------------------------------------------

      Code (inc. data)   RO Data    RW Data    ZI Data      Debug   Library Name

       210         16          0          0          0        352   mc_w.l
       484          0          0          0          0        428   mf_w.l

    ----------------------------------------------------------------------
       696         16          0          0          0        780   Library Totals

    ----------------------------------------------------------------------

==============================================================================


      Code (inc. data)   RO Data    RW Data    ZI Data      Debug   

     14048       1076        556        216       2712     423583   Grand Totals
     14048       1076        556        216       2712     423583   ELF Image Totals
     14048       1076        556        216          0          0   ROM Totals

==============================================================================

    Total RO  Size (Code + RO Data)                14604 (  14.26kB)
    Total RW  Size (RW Data + ZI Data)              2928 (   2.86kB)
    Total ROM Size (Code + RO Data + RW Data)      14820 (  14.47kB)

==============================================================================

