<html>
<body>
<pre>
<h1>µVision Build Log</h1>
<h2>Tool Versions:</h2>
IDE-Version: µVision V5.13.0.0
Copyright (C) 2014 ARM Ltd and ARM Germany GmbH. All rights reserved.
License Information: test test, test, LIC=----
 
Tool Versions:
Toolchain:       MDK-Lite  Version: 5.13.0.0
Toolchain Path:  C:\Keil_v5\ARM\ARMCC\Bin
C Compiler:      Armcc.exe V5.05 update 1 (build 106)
Assembler:       Armasm.exe V5.05 update 1 (build 106)
Linker/Locator:  ArmLink.exe V5.05 update 1 (build 106)
Library Manager: ArmAr.exe V5.05 update 1 (build 106)
Hex Converter:   FromElf.exe V5.05 update 1 (build 106)
CPU DLL:         SARMCM3.DLL V5.13.0.0
Dialog DLL:      DCM.DLL V1.13.1.0
Target DLL:      STLink\ST-LINKIII-KEIL_SWO.dll V2.0.14.0_KEIL
Dialog DLL:      TCM.DLL V1.14.4.0
 
<h2>Project:</h2>
C:\documents\fw\stm8~stm32 20150723\prj\SensorNode\ping-pong\keil\ping-pong.uvprojx
Project File Date:  08/19/2015

<h2>Output:</h2>
Rebuild target 'SensorNode ping-pong'
compiling app.c...
..\..\..\..\src\drv\uart.h(25): warning:  #1295-D: Deprecated declaration uart_readable - give arg types
  int uart_readable();
..\..\..\..\src\examples\SensorNode\ping-pong\app.c: 1 warning, 0 errors
compiling main.c...
..\..\..\..\src\drv\uart.h(25): warning:  #1295-D: Deprecated declaration uart_readable - give arg types
  int uart_readable();
..\..\..\..\src\examples\SensorNode\ping-pong\main.c: 1 warning, 0 errors
compiling gpio.c...
compiling i2c.c...
compiling spi.c...
compiling timer-sensornode.c...
compiling gpio-ioe.c...
compiling sx1509.c...
compiling system_stm32l1xx.c...
assembling startup_stm32l1xx_md.s...
compiling board.c...
compiling gpio-board.c...
compiling hal-irq.c...
compiling hal-led.c...
compiling hal-spi.c...
compiling hal-sx1276.c...
compiling hal-sys-clk.c...
compiling hal-sys-tick.c...
compiling hal-uart.c...
compiling i2c-board.c...
compiling timer-board.c...
compiling misc.c...
compiling stm32l1xx_adc.c...
compiling stm32l1xx_aes.c...
compiling stm32l1xx_aes_util.c...
compiling stm32l1xx_comp.c...
compiling stm32l1xx_crc.c...
compiling stm32l1xx_dac.c...
compiling stm32l1xx_dbgmcu.c...
compiling stm32l1xx_dma.c...
compiling stm32l1xx_exti.c...
compiling stm32l1xx_flash.c...
compiling stm32l1xx_flash_ramfunc.c...
compiling stm32l1xx_fsmc.c...
compiling stm32l1xx_gpio.c...
compiling stm32l1xx_i2c.c...
compiling stm32l1xx_iwdg.c...
compiling stm32l1xx_lcd.c...
compiling stm32l1xx_opamp.c...
compiling stm32l1xx_pwr.c...
compiling stm32l1xx_rcc.c...
compiling stm32l1xx_rtc.c...
compiling stm32l1xx_sdio.c...
compiling stm32l1xx_spi.c...
compiling stm32l1xx_syscfg.c...
compiling stm32l1xx_tim.c...
compiling stm32l1xx_usart.c...
compiling stm32l1xx_wwdg.c...
compiling sysIrqHandlers.c...
compiling utilities.c...
compiling led.c...
compiling printf.c...
..\..\..\..\src\drv\uart.h(25): warning:  #1295-D: Deprecated declaration uart_readable - give arg types
  int uart_readable();
..\..\..\..\src\drv\printf.c: 1 warning, 0 errors
compiling sys-tick.c...
compiling uart.c...
..\..\..\..\src\drv\uart.h(25): warning:  #1295-D: Deprecated declaration uart_readable - give arg types
  int uart_readable();
..\..\..\..\src\drv\uart.c: 1 warning, 0 errors
compiling sx1276.c...
linking...
Program Size: Code=14260 RO-data=556 RW-data=224 ZI-data=2736  
".\Objects\ping-pong.axf" - 0 Error(s), 4 Warning(s).

<h2>Collection of Component include folders:</h2>
  C:\documents\fw\stm8~stm32 20150723\prj\SensorNode\ping-pong\keil\RTE
  C:\Keil_v5\ARM\PACK\Keil\STM32L1xx_DFP\1.0.2\Device\Include

<h2>Collection of Component Files used:</h2>
</pre>
</body>
</html>
